Archive member included because of file (symbol)

C:/Freescale/CW_MCU_v10.6/MCU/ARM_GCC_Support/ewl/lib/armv6-m\libc.a(exit.o)
                              ./Project_Settings/Startup_Code/__arm_start.o (exit)
C:/Freescale/CW_MCU_v10.6/MCU/ARM_GCC_Support/ewl/lib/armv6-m\libc.a(memset.o)
                              ./Project_Settings/Startup_Code/__arm_start.o (memset)
C:/Freescale/CW_MCU_v10.6/MCU/ARM_GCC_Support/ewl/lib/armv6-m\libc.a(printformat_.o)
                              (__pformatter_)
C:/Freescale/CW_MCU_v10.6/MCU/ARM_GCC_Support/ewl/lib/armv6-m\libc.a(scanformat_.o)
                              (__sformatter)
C:/Freescale/CW_MCU_v10.6/MCU/ARM_GCC_Support/ewl/lib/armv6-m\libc.a(ctype_aeabi.o)
                              C:/Freescale/CW_MCU_v10.6/MCU/ARM_GCC_Support/ewl/lib/armv6-m\libc.a(scanformat_.o) (isspace)
C:/Freescale/CW_MCU_v10.6/MCU/ARM_GCC_Support/ewl/lib/armv6-m\libc.a(__strtoul.o)
                              C:/Freescale/CW_MCU_v10.6/MCU/ARM_GCC_Support/ewl/lib/armv6-m\libc.a(scanformat_.o) (__strtoul)
C:/Freescale/CW_MCU_v10.6/MCU/ARM_GCC_Support/ewl/lib/armv6-m\libc.a(__filll_mem.o)
                              C:/Freescale/CW_MCU_v10.6/MCU/ARM_GCC_Support/ewl/lib/armv6-m\libc.a(memset.o) (__fill_mem)
C:/Freescale/CW_MCU_v10.6/MCU/ARM_GCC_Support/ewl/lib/armv6-m\libc.a(memchr.o)
                              C:/Freescale/CW_MCU_v10.6/MCU/ARM_GCC_Support/ewl/lib/armv6-m\libc.a(printformat_.o) (memchr)
C:/Freescale/CW_MCU_v10.6/MCU/ARM_GCC_Support/ewl/lib/armv6-m\libc.a(memcpy.o)
                              C:/Freescale/CW_MCU_v10.6/MCU/ARM_GCC_Support/ewl/lib/armv6-m\libc.a(scanformat_.o) (memcpy)
C:/Freescale/CW_MCU_v10.6/MCU/ARM_GCC_Support/ewl/lib/armv6-m\libc.a(strchr.o)
                              C:/Freescale/CW_MCU_v10.6/MCU/ARM_GCC_Support/ewl/lib/armv6-m\libc.a(printformat_.o) (strchr)
C:/Freescale/CW_MCU_v10.6/MCU/ARM_GCC_Support/ewl/lib/armv6-m\libc.a(strlen.o)
                              C:/Freescale/CW_MCU_v10.6/MCU/ARM_GCC_Support/ewl/lib/armv6-m\libc.a(printformat_.o) (strlen)
c:/freescale/cw_mcu_v10.6/cross_tools/arm-none-eabi-gcc-4_7_3/bin/../lib/gcc/arm-none-eabi/4.7.3/armv6-m\libgcc.a(_thumb1_case_sqi.o)
                              C:/Freescale/CW_MCU_v10.6/MCU/ARM_GCC_Support/ewl/lib/armv6-m\libc.a(__strtoul.o) (__gnu_thumb1_case_sqi)
c:/freescale/cw_mcu_v10.6/cross_tools/arm-none-eabi-gcc-4_7_3/bin/../lib/gcc/arm-none-eabi/4.7.3/armv6-m\libgcc.a(_thumb1_case_uqi.o)
                              C:/Freescale/CW_MCU_v10.6/MCU/ARM_GCC_Support/ewl/lib/armv6-m\libc.a(scanformat_.o) (__gnu_thumb1_case_uqi)
c:/freescale/cw_mcu_v10.6/cross_tools/arm-none-eabi-gcc-4_7_3/bin/../lib/gcc/arm-none-eabi/4.7.3/armv6-m\libgcc.a(_udivsi3.o)
                              C:/Freescale/CW_MCU_v10.6/MCU/ARM_GCC_Support/ewl/lib/armv6-m\libc.a(printformat_.o) (__aeabi_uidiv)
c:/freescale/cw_mcu_v10.6/cross_tools/arm-none-eabi-gcc-4_7_3/bin/../lib/gcc/arm-none-eabi/4.7.3/armv6-m\libgcc.a(_divsi3.o)
                              ./Sources/main.o (__aeabi_idivmod)
c:/freescale/cw_mcu_v10.6/cross_tools/arm-none-eabi-gcc-4_7_3/bin/../lib/gcc/arm-none-eabi/4.7.3/armv6-m\libgcc.a(_dvmd_tls.o)
                              c:/freescale/cw_mcu_v10.6/cross_tools/arm-none-eabi-gcc-4_7_3/bin/../lib/gcc/arm-none-eabi/4.7.3/armv6-m\libgcc.a(_udivsi3.o) (__aeabi_idiv0)
C:/Freescale/CW_MCU_v10.6/MCU/ARM_GCC_Support/ewl/lib/armv6-m\librt.a(gcc_ctor_dtor.o)
                              ./Project_Settings/Startup_Code/__arm_start.o (__init_cpp)
C:/Freescale/CW_MCU_v10.6/MCU/ARM_GCC_Support/ewl/lib/armv6-m\librt.a(ROMCopy.o)
                              ./Project_Settings/Startup_Code/__arm_start.o (__copy_rom_sections_to_ram)
C:/Freescale/CW_MCU_v10.6/MCU/ARM_GCC_Support/ewl/lib/armv6-m\librt.a(__arm_eabi_init.o)
                              C:/Freescale/CW_MCU_v10.6/MCU/ARM_GCC_Support/ewl/lib/armv6-m\libc.a(exit.o) (__destroy_global_chain)

Allocating common symbols
Common symbol       size              file

AdcLdd1_DeviceDataPtr
                    0x4               ./Generated_Code/sensorDeLuz.o
SR_reg              0x1               ./Generated_Code/Cpu.o
sensorDeLuz_OutV    0x2               ./Generated_Code/sensorDeLuz.o
valorLuminosidade   0x4               ./Sources/main.o

Discarded input sections

 .text          0x00000000        0x0 ./Generated_Code/sensorDeLuz.o
 .data          0x00000000        0x0 ./Generated_Code/sensorDeLuz.o
 .bss           0x00000000        0x0 ./Generated_Code/sensorDeLuz.o
 .text.sensorDeLuz_GetValue16
                0x00000000       0x34 ./Generated_Code/sensorDeLuz.o
 .text.sensorDeLuz_Calibrate
                0x00000000       0x80 ./Generated_Code/sensorDeLuz.o
 .text          0x00000000        0x0 ./Generated_Code/semaforoVermelho.o
 .data          0x00000000        0x0 ./Generated_Code/semaforoVermelho.o
 .bss           0x00000000        0x0 ./Generated_Code/semaforoVermelho.o
 .debug_info    0x00000000       0x76 ./Generated_Code/semaforoVermelho.o
 .debug_abbrev  0x00000000       0x28 ./Generated_Code/semaforoVermelho.o
 .debug_aranges
                0x00000000       0x18 ./Generated_Code/semaforoVermelho.o
 .debug_macinfo
                0x00000000    0x2ed77 ./Generated_Code/semaforoVermelho.o
 .debug_line    0x00000000      0x28c ./Generated_Code/semaforoVermelho.o
 .debug_str     0x00000000      0x13e ./Generated_Code/semaforoVermelho.o
 .comment       0x00000000       0x7a ./Generated_Code/semaforoVermelho.o
 .ARM.attributes
                0x00000000       0x31 ./Generated_Code/semaforoVermelho.o
 .text          0x00000000        0x0 ./Generated_Code/semaforoVerde.o
 .data          0x00000000        0x0 ./Generated_Code/semaforoVerde.o
 .bss           0x00000000        0x0 ./Generated_Code/semaforoVerde.o
 .debug_info    0x00000000       0x76 ./Generated_Code/semaforoVerde.o
 .debug_abbrev  0x00000000       0x28 ./Generated_Code/semaforoVerde.o
 .debug_aranges
                0x00000000       0x18 ./Generated_Code/semaforoVerde.o
 .debug_macinfo
                0x00000000    0x2ed77 ./Generated_Code/semaforoVerde.o
 .debug_line    0x00000000      0x286 ./Generated_Code/semaforoVerde.o
 .debug_str     0x00000000      0x13b ./Generated_Code/semaforoVerde.o
 .comment       0x00000000       0x7a ./Generated_Code/semaforoVerde.o
 .ARM.attributes
                0x00000000       0x31 ./Generated_Code/semaforoVerde.o
 .text          0x00000000        0x0 ./Generated_Code/semaforoAmarelo.o
 .data          0x00000000        0x0 ./Generated_Code/semaforoAmarelo.o
 .bss           0x00000000        0x0 ./Generated_Code/semaforoAmarelo.o
 .debug_info    0x00000000       0x76 ./Generated_Code/semaforoAmarelo.o
 .debug_abbrev  0x00000000       0x28 ./Generated_Code/semaforoAmarelo.o
 .debug_aranges
                0x00000000       0x18 ./Generated_Code/semaforoAmarelo.o
 .debug_macinfo
                0x00000000    0x2ed7b ./Generated_Code/semaforoAmarelo.o
 .debug_line    0x00000000      0x28a ./Generated_Code/semaforoAmarelo.o
 .debug_str     0x00000000      0x13d ./Generated_Code/semaforoAmarelo.o
 .comment       0x00000000       0x7a ./Generated_Code/semaforoAmarelo.o
 .ARM.attributes
                0x00000000       0x31 ./Generated_Code/semaforoAmarelo.o
 .text          0x00000000        0x0 ./Generated_Code/pedestreVermelho.o
 .data          0x00000000        0x0 ./Generated_Code/pedestreVermelho.o
 .bss           0x00000000        0x0 ./Generated_Code/pedestreVermelho.o
 .debug_info    0x00000000       0x76 ./Generated_Code/pedestreVermelho.o
 .debug_abbrev  0x00000000       0x28 ./Generated_Code/pedestreVermelho.o
 .debug_aranges
                0x00000000       0x18 ./Generated_Code/pedestreVermelho.o
 .debug_macinfo
                0x00000000    0x2ed77 ./Generated_Code/pedestreVermelho.o
 .debug_line    0x00000000      0x28c ./Generated_Code/pedestreVermelho.o
 .debug_str     0x00000000      0x13e ./Generated_Code/pedestreVermelho.o
 .comment       0x00000000       0x7a ./Generated_Code/pedestreVermelho.o
 .ARM.attributes
                0x00000000       0x31 ./Generated_Code/pedestreVermelho.o
 .text          0x00000000        0x0 ./Generated_Code/pedestreVerde.o
 .data          0x00000000        0x0 ./Generated_Code/pedestreVerde.o
 .bss           0x00000000        0x0 ./Generated_Code/pedestreVerde.o
 .debug_info    0x00000000       0x76 ./Generated_Code/pedestreVerde.o
 .debug_abbrev  0x00000000       0x28 ./Generated_Code/pedestreVerde.o
 .debug_aranges
                0x00000000       0x18 ./Generated_Code/pedestreVerde.o
 .debug_macinfo
                0x00000000    0x2ed73 ./Generated_Code/pedestreVerde.o
 .debug_line    0x00000000      0x286 ./Generated_Code/pedestreVerde.o
 .debug_str     0x00000000      0x13b ./Generated_Code/pedestreVerde.o
 .comment       0x00000000       0x7a ./Generated_Code/pedestreVerde.o
 .ARM.attributes
                0x00000000       0x31 ./Generated_Code/pedestreVerde.o
 .text          0x00000000        0x0 ./Generated_Code/button.o
 .data          0x00000000        0x0 ./Generated_Code/button.o
 .bss           0x00000000        0x0 ./Generated_Code/button.o
 .text          0x00000000        0x0 ./Generated_Code/Vectors.o
 .data          0x00000000        0x0 ./Generated_Code/Vectors.o
 .bss           0x00000000        0x0 ./Generated_Code/Vectors.o
 .text          0x00000000        0x0 ./Generated_Code/TimerIntLdd1.o
 .data          0x00000000        0x0 ./Generated_Code/TimerIntLdd1.o
 .bss           0x00000000        0x0 ./Generated_Code/TimerIntLdd1.o
 .text          0x00000000        0x0 ./Generated_Code/TU1.o
 .data          0x00000000        0x0 ./Generated_Code/TU1.o
 .bss           0x00000000        0x0 ./Generated_Code/TU1.o
 .text          0x00000000        0x0 ./Generated_Code/TI1.o
 .data          0x00000000        0x0 ./Generated_Code/TI1.o
 .bss           0x00000000        0x0 ./Generated_Code/TI1.o
 .text          0x00000000        0x0 ./Generated_Code/PE_LDD.o
 .data          0x00000000        0x0 ./Generated_Code/PE_LDD.o
 .bss           0x00000000        0x0 ./Generated_Code/PE_LDD.o
 .rodata.PE_CpuClockConfigurations
                0x00000000       0x28 ./Generated_Code/PE_LDD.o
 .text.PE_FillMemory
                0x00000000       0x28 ./Generated_Code/PE_LDD.o
 .text.PE_PeripheralUsed
                0x00000000       0x70 ./Generated_Code/PE_LDD.o
 .text.LDD_SetClockConfiguration
                0x00000000       0x14 ./Generated_Code/PE_LDD.o
 .text          0x00000000        0x0 ./Generated_Code/LED.o
 .data          0x00000000        0x0 ./Generated_Code/LED.o
 .bss           0x00000000        0x0 ./Generated_Code/LED.o
 .debug_info    0x00000000       0x76 ./Generated_Code/LED.o
 .debug_abbrev  0x00000000       0x28 ./Generated_Code/LED.o
 .debug_aranges
                0x00000000       0x18 ./Generated_Code/LED.o
 .debug_macinfo
                0x00000000    0x2ed63 ./Generated_Code/LED.o
 .debug_line    0x00000000      0x272 ./Generated_Code/LED.o
 .debug_str     0x00000000      0x131 ./Generated_Code/LED.o
 .comment       0x00000000       0x7a ./Generated_Code/LED.o
 .ARM.attributes
                0x00000000       0x31 ./Generated_Code/LED.o
 .text          0x00000000        0x0 ./Generated_Code/ExtIntLdd1.o
 .data          0x00000000        0x0 ./Generated_Code/ExtIntLdd1.o
 .bss           0x00000000        0x0 ./Generated_Code/ExtIntLdd1.o
 .text.ExtIntLdd1_GetVal
                0x00000000       0x28 ./Generated_Code/ExtIntLdd1.o
 .text          0x00000000        0x0 ./Generated_Code/Cpu.o
 .data          0x00000000        0x0 ./Generated_Code/Cpu.o
 .bss           0x00000000        0x0 ./Generated_Code/Cpu.o
 .bss.SR_lock   0x00000000        0x1 ./Generated_Code/Cpu.o
 COMMON         0x00000000        0x1 ./Generated_Code/Cpu.o
 .text          0x00000000        0x0 ./Generated_Code/BitIoLdd6.o
 .data          0x00000000        0x0 ./Generated_Code/BitIoLdd6.o
 .bss           0x00000000        0x0 ./Generated_Code/BitIoLdd6.o
 .text          0x00000000        0x0 ./Generated_Code/BitIoLdd5.o
 .data          0x00000000        0x0 ./Generated_Code/BitIoLdd5.o
 .bss           0x00000000        0x0 ./Generated_Code/BitIoLdd5.o
 .text          0x00000000        0x0 ./Generated_Code/BitIoLdd4.o
 .data          0x00000000        0x0 ./Generated_Code/BitIoLdd4.o
 .bss           0x00000000        0x0 ./Generated_Code/BitIoLdd4.o
 .text          0x00000000        0x0 ./Generated_Code/BitIoLdd3.o
 .data          0x00000000        0x0 ./Generated_Code/BitIoLdd3.o
 .bss           0x00000000        0x0 ./Generated_Code/BitIoLdd3.o
 .text          0x00000000        0x0 ./Generated_Code/BitIoLdd2.o
 .data          0x00000000        0x0 ./Generated_Code/BitIoLdd2.o
 .bss           0x00000000        0x0 ./Generated_Code/BitIoLdd2.o
 .text          0x00000000        0x0 ./Generated_Code/BitIoLdd1.o
 .data          0x00000000        0x0 ./Generated_Code/BitIoLdd1.o
 .bss           0x00000000        0x0 ./Generated_Code/BitIoLdd1.o
 .text.BitIoLdd1_NegVal
                0x00000000       0x1c ./Generated_Code/BitIoLdd1.o
 .text          0x00000000        0x0 ./Generated_Code/AdcLdd1.o
 .data          0x00000000        0x0 ./Generated_Code/AdcLdd1.o
 .bss           0x00000000        0x0 ./Generated_Code/AdcLdd1.o
 .text.AdcLdd1_CancelMeasurement
                0x00000000       0x28 ./Generated_Code/AdcLdd1.o
 .text.AdcLdd1_GetMeasurementCompleteStatus
                0x00000000       0x84 ./Generated_Code/AdcLdd1.o
 .text.AdcLdd1_StartCalibration
                0x00000000       0x44 ./Generated_Code/AdcLdd1.o
 .text          0x00000000        0x0 ./Project_Settings/Startup_Code/__arm_start.o
 .data          0x00000000        0x0 ./Project_Settings/Startup_Code/__arm_start.o
 .bss           0x00000000        0x0 ./Project_Settings/Startup_Code/__arm_start.o
 .text.__iar_program_start
                0x00000000        0x4 ./Project_Settings/Startup_Code/__arm_start.o
 .text          0x00000000        0x0 ./Project_Settings/Startup_Code/__arm_end.o
 .data          0x00000000        0x0 ./Project_Settings/Startup_Code/__arm_end.o
 .bss           0x00000000        0x0 ./Project_Settings/Startup_Code/__arm_end.o
 .text          0x00000000        0x0 ./Sources/sa_mtb.o
 .data          0x00000000        0x0 ./Sources/sa_mtb.o
 .bss           0x00000000        0x0 ./Sources/sa_mtb.o
 .debug_info    0x00000000       0x21 ./Sources/sa_mtb.o
 .debug_abbrev  0x00000000       0x12 ./Sources/sa_mtb.o
 .debug_aranges
                0x00000000       0x18 ./Sources/sa_mtb.o
 .debug_macinfo
                0x00000000     0x24d8 ./Sources/sa_mtb.o
 .debug_line    0x00000000       0xaa ./Sources/sa_mtb.o
 .debug_str     0x00000000       0xa2 ./Sources/sa_mtb.o
 .comment       0x00000000       0x7a ./Sources/sa_mtb.o
 .ARM.attributes
                0x00000000       0x31 ./Sources/sa_mtb.o
 .text          0x00000000        0x0 ./Sources/main.o
 .data          0x00000000        0x0 ./Sources/main.o
 .bss           0x00000000        0x0 ./Sources/main.o
 .text.ligaPedestreVermelho
                0x00000000       0x20 ./Sources/main.o
 .text          0x00000000        0x0 ./Sources/Events.o
 .data          0x00000000        0x0 ./Sources/Events.o
 .bss           0x00000000        0x0 ./Sources/Events.o
 .text          0x00000000        0x0 C:/Freescale/CW_MCU_v10.6/MCU/ARM_GCC_Support/ewl/lib/armv6-m\libc.a(exit.o)
 .data          0x00000000        0x0 C:/Freescale/CW_MCU_v10.6/MCU/ARM_GCC_Support/ewl/lib/armv6-m\libc.a(exit.o)
 .bss           0x00000000        0x0 C:/Freescale/CW_MCU_v10.6/MCU/ARM_GCC_Support/ewl/lib/armv6-m\libc.a(exit.o)
 .text          0x00000000        0x0 C:/Freescale/CW_MCU_v10.6/MCU/ARM_GCC_Support/ewl/lib/armv6-m\libc.a(memset.o)
 .data          0x00000000        0x0 C:/Freescale/CW_MCU_v10.6/MCU/ARM_GCC_Support/ewl/lib/armv6-m\libc.a(memset.o)
 .bss           0x00000000        0x0 C:/Freescale/CW_MCU_v10.6/MCU/ARM_GCC_Support/ewl/lib/armv6-m\libc.a(memset.o)
 .text          0x00000000        0x0 C:/Freescale/CW_MCU_v10.6/MCU/ARM_GCC_Support/ewl/lib/armv6-m\libc.a(printformat_.o)
 .data          0x00000000        0x0 C:/Freescale/CW_MCU_v10.6/MCU/ARM_GCC_Support/ewl/lib/armv6-m\libc.a(printformat_.o)
 .bss           0x00000000        0x0 C:/Freescale/CW_MCU_v10.6/MCU/ARM_GCC_Support/ewl/lib/armv6-m\libc.a(printformat_.o)
 .text          0x00000000        0x0 C:/Freescale/CW_MCU_v10.6/MCU/ARM_GCC_Support/ewl/lib/armv6-m\libc.a(scanformat_.o)
 .data          0x00000000        0x0 C:/Freescale/CW_MCU_v10.6/MCU/ARM_GCC_Support/ewl/lib/armv6-m\libc.a(scanformat_.o)
 .bss           0x00000000        0x0 C:/Freescale/CW_MCU_v10.6/MCU/ARM_GCC_Support/ewl/lib/armv6-m\libc.a(scanformat_.o)
 .text          0x00000000        0x0 C:/Freescale/CW_MCU_v10.6/MCU/ARM_GCC_Support/ewl/lib/armv6-m\libc.a(ctype_aeabi.o)
 .data          0x00000000        0x0 C:/Freescale/CW_MCU_v10.6/MCU/ARM_GCC_Support/ewl/lib/armv6-m\libc.a(ctype_aeabi.o)
 .bss           0x00000000        0x0 C:/Freescale/CW_MCU_v10.6/MCU/ARM_GCC_Support/ewl/lib/armv6-m\libc.a(ctype_aeabi.o)
 .text.isalnum  0x00000000       0x1c C:/Freescale/CW_MCU_v10.6/MCU/ARM_GCC_Support/ewl/lib/armv6-m\libc.a(ctype_aeabi.o)
 .text.iscntrl  0x00000000       0x20 C:/Freescale/CW_MCU_v10.6/MCU/ARM_GCC_Support/ewl/lib/armv6-m\libc.a(ctype_aeabi.o)
 .text.isdigit  0x00000000        0xe C:/Freescale/CW_MCU_v10.6/MCU/ARM_GCC_Support/ewl/lib/armv6-m\libc.a(ctype_aeabi.o)
 .text.isgraph  0x00000000       0x1c C:/Freescale/CW_MCU_v10.6/MCU/ARM_GCC_Support/ewl/lib/armv6-m\libc.a(ctype_aeabi.o)
 .text.islower  0x00000000       0x20 C:/Freescale/CW_MCU_v10.6/MCU/ARM_GCC_Support/ewl/lib/armv6-m\libc.a(ctype_aeabi.o)
 .text.isprint  0x00000000       0x1c C:/Freescale/CW_MCU_v10.6/MCU/ARM_GCC_Support/ewl/lib/armv6-m\libc.a(ctype_aeabi.o)
 .text.ispunct  0x00000000       0x20 C:/Freescale/CW_MCU_v10.6/MCU/ARM_GCC_Support/ewl/lib/armv6-m\libc.a(ctype_aeabi.o)
 .text.isupper  0x00000000       0x20 C:/Freescale/CW_MCU_v10.6/MCU/ARM_GCC_Support/ewl/lib/armv6-m\libc.a(ctype_aeabi.o)
 .text.isxdigit
                0x00000000       0x20 C:/Freescale/CW_MCU_v10.6/MCU/ARM_GCC_Support/ewl/lib/armv6-m\libc.a(ctype_aeabi.o)
 .text.isblank  0x00000000       0x28 C:/Freescale/CW_MCU_v10.6/MCU/ARM_GCC_Support/ewl/lib/armv6-m\libc.a(ctype_aeabi.o)
 .text.tolower  0x00000000        0xe C:/Freescale/CW_MCU_v10.6/MCU/ARM_GCC_Support/ewl/lib/armv6-m\libc.a(ctype_aeabi.o)
 .text          0x00000000        0x0 C:/Freescale/CW_MCU_v10.6/MCU/ARM_GCC_Support/ewl/lib/armv6-m\libc.a(__strtoul.o)
 .data          0x00000000        0x0 C:/Freescale/CW_MCU_v10.6/MCU/ARM_GCC_Support/ewl/lib/armv6-m\libc.a(__strtoul.o)
 .bss           0x00000000        0x0 C:/Freescale/CW_MCU_v10.6/MCU/ARM_GCC_Support/ewl/lib/armv6-m\libc.a(__strtoul.o)
 .text          0x00000000        0x0 C:/Freescale/CW_MCU_v10.6/MCU/ARM_GCC_Support/ewl/lib/armv6-m\libc.a(__filll_mem.o)
 .data          0x00000000        0x0 C:/Freescale/CW_MCU_v10.6/MCU/ARM_GCC_Support/ewl/lib/armv6-m\libc.a(__filll_mem.o)
 .bss           0x00000000        0x0 C:/Freescale/CW_MCU_v10.6/MCU/ARM_GCC_Support/ewl/lib/armv6-m\libc.a(__filll_mem.o)
 .text          0x00000000        0x0 C:/Freescale/CW_MCU_v10.6/MCU/ARM_GCC_Support/ewl/lib/armv6-m\libc.a(memchr.o)
 .data          0x00000000        0x0 C:/Freescale/CW_MCU_v10.6/MCU/ARM_GCC_Support/ewl/lib/armv6-m\libc.a(memchr.o)
 .bss           0x00000000        0x0 C:/Freescale/CW_MCU_v10.6/MCU/ARM_GCC_Support/ewl/lib/armv6-m\libc.a(memchr.o)
 .text          0x00000000        0x0 C:/Freescale/CW_MCU_v10.6/MCU/ARM_GCC_Support/ewl/lib/armv6-m\libc.a(memcpy.o)
 .data          0x00000000        0x0 C:/Freescale/CW_MCU_v10.6/MCU/ARM_GCC_Support/ewl/lib/armv6-m\libc.a(memcpy.o)
 .bss           0x00000000        0x0 C:/Freescale/CW_MCU_v10.6/MCU/ARM_GCC_Support/ewl/lib/armv6-m\libc.a(memcpy.o)
 .text          0x00000000        0x0 C:/Freescale/CW_MCU_v10.6/MCU/ARM_GCC_Support/ewl/lib/armv6-m\libc.a(strchr.o)
 .data          0x00000000        0x0 C:/Freescale/CW_MCU_v10.6/MCU/ARM_GCC_Support/ewl/lib/armv6-m\libc.a(strchr.o)
 .bss           0x00000000        0x0 C:/Freescale/CW_MCU_v10.6/MCU/ARM_GCC_Support/ewl/lib/armv6-m\libc.a(strchr.o)
 .text          0x00000000        0x0 C:/Freescale/CW_MCU_v10.6/MCU/ARM_GCC_Support/ewl/lib/armv6-m\libc.a(strlen.o)
 .data          0x00000000        0x0 C:/Freescale/CW_MCU_v10.6/MCU/ARM_GCC_Support/ewl/lib/armv6-m\libc.a(strlen.o)
 .bss           0x00000000        0x0 C:/Freescale/CW_MCU_v10.6/MCU/ARM_GCC_Support/ewl/lib/armv6-m\libc.a(strlen.o)
 .data          0x00000000        0x0 c:/freescale/cw_mcu_v10.6/cross_tools/arm-none-eabi-gcc-4_7_3/bin/../lib/gcc/arm-none-eabi/4.7.3/armv6-m\libgcc.a(_thumb1_case_sqi.o)
 .bss           0x00000000        0x0 c:/freescale/cw_mcu_v10.6/cross_tools/arm-none-eabi-gcc-4_7_3/bin/../lib/gcc/arm-none-eabi/4.7.3/armv6-m\libgcc.a(_thumb1_case_sqi.o)
 .data          0x00000000        0x0 c:/freescale/cw_mcu_v10.6/cross_tools/arm-none-eabi-gcc-4_7_3/bin/../lib/gcc/arm-none-eabi/4.7.3/armv6-m\libgcc.a(_thumb1_case_uqi.o)
 .bss           0x00000000        0x0 c:/freescale/cw_mcu_v10.6/cross_tools/arm-none-eabi-gcc-4_7_3/bin/../lib/gcc/arm-none-eabi/4.7.3/armv6-m\libgcc.a(_thumb1_case_uqi.o)
 .data          0x00000000        0x0 c:/freescale/cw_mcu_v10.6/cross_tools/arm-none-eabi-gcc-4_7_3/bin/../lib/gcc/arm-none-eabi/4.7.3/armv6-m\libgcc.a(_udivsi3.o)
 .bss           0x00000000        0x0 c:/freescale/cw_mcu_v10.6/cross_tools/arm-none-eabi-gcc-4_7_3/bin/../lib/gcc/arm-none-eabi/4.7.3/armv6-m\libgcc.a(_udivsi3.o)
 .data          0x00000000        0x0 c:/freescale/cw_mcu_v10.6/cross_tools/arm-none-eabi-gcc-4_7_3/bin/../lib/gcc/arm-none-eabi/4.7.3/armv6-m\libgcc.a(_divsi3.o)
 .bss           0x00000000        0x0 c:/freescale/cw_mcu_v10.6/cross_tools/arm-none-eabi-gcc-4_7_3/bin/../lib/gcc/arm-none-eabi/4.7.3/armv6-m\libgcc.a(_divsi3.o)
 .data          0x00000000        0x0 c:/freescale/cw_mcu_v10.6/cross_tools/arm-none-eabi-gcc-4_7_3/bin/../lib/gcc/arm-none-eabi/4.7.3/armv6-m\libgcc.a(_dvmd_tls.o)
 .bss           0x00000000        0x0 c:/freescale/cw_mcu_v10.6/cross_tools/arm-none-eabi-gcc-4_7_3/bin/../lib/gcc/arm-none-eabi/4.7.3/armv6-m\libgcc.a(_dvmd_tls.o)
 .text          0x00000000        0x0 C:/Freescale/CW_MCU_v10.6/MCU/ARM_GCC_Support/ewl/lib/armv6-m\librt.a(gcc_ctor_dtor.o)
 .data          0x00000000        0x0 C:/Freescale/CW_MCU_v10.6/MCU/ARM_GCC_Support/ewl/lib/armv6-m\librt.a(gcc_ctor_dtor.o)
 .bss           0x00000000        0x0 C:/Freescale/CW_MCU_v10.6/MCU/ARM_GCC_Support/ewl/lib/armv6-m\librt.a(gcc_ctor_dtor.o)
 .bss.__dso_handle
                0x00000000        0x4 C:/Freescale/CW_MCU_v10.6/MCU/ARM_GCC_Support/ewl/lib/armv6-m\librt.a(gcc_ctor_dtor.o)
 .text          0x00000000        0x0 C:/Freescale/CW_MCU_v10.6/MCU/ARM_GCC_Support/ewl/lib/armv6-m\librt.a(ROMCopy.o)
 .data          0x00000000        0x0 C:/Freescale/CW_MCU_v10.6/MCU/ARM_GCC_Support/ewl/lib/armv6-m\librt.a(ROMCopy.o)
 .bss           0x00000000        0x0 C:/Freescale/CW_MCU_v10.6/MCU/ARM_GCC_Support/ewl/lib/armv6-m\librt.a(ROMCopy.o)
 .text.__flush_cache
                0x00000000        0x2 C:/Freescale/CW_MCU_v10.6/MCU/ARM_GCC_Support/ewl/lib/armv6-m\librt.a(ROMCopy.o)
 .text          0x00000000        0x0 C:/Freescale/CW_MCU_v10.6/MCU/ARM_GCC_Support/ewl/lib/armv6-m\librt.a(__arm_eabi_init.o)
 .data          0x00000000        0x0 C:/Freescale/CW_MCU_v10.6/MCU/ARM_GCC_Support/ewl/lib/armv6-m\librt.a(__arm_eabi_init.o)
 .bss           0x00000000        0x0 C:/Freescale/CW_MCU_v10.6/MCU/ARM_GCC_Support/ewl/lib/armv6-m\librt.a(__arm_eabi_init.o)
 .text.__register_global_object
                0x00000000       0x14 C:/Freescale/CW_MCU_v10.6/MCU/ARM_GCC_Support/ewl/lib/armv6-m\librt.a(__arm_eabi_init.o)
 .text.__cxa_atexit
                0x00000000       0x38 C:/Freescale/CW_MCU_v10.6/MCU/ARM_GCC_Support/ewl/lib/armv6-m\librt.a(__arm_eabi_init.o)
 .text.__aeabi_atexit
                0x00000000        0xe C:/Freescale/CW_MCU_v10.6/MCU/ARM_GCC_Support/ewl/lib/armv6-m\librt.a(__arm_eabi_init.o)
 .text.__register_atexit
                0x00000000        0xc C:/Freescale/CW_MCU_v10.6/MCU/ARM_GCC_Support/ewl/lib/armv6-m\librt.a(__arm_eabi_init.o)
 .text.__init_hardware
                0x00000000        0x4 C:/Freescale/CW_MCU_v10.6/MCU/ARM_GCC_Support/ewl/lib/armv6-m\librt.a(__arm_eabi_init.o)
 .bss.atexit_curr_func
                0x00000000        0x4 C:/Freescale/CW_MCU_v10.6/MCU/ARM_GCC_Support/ewl/lib/armv6-m\librt.a(__arm_eabi_init.o)
 .bss.atexit_funcs
                0x00000000      0x300 C:/Freescale/CW_MCU_v10.6/MCU/ARM_GCC_Support/ewl/lib/armv6-m\librt.a(__arm_eabi_init.o)

Memory Configuration

Name             Origin             Length             Attributes
m_interrupts     0x00000000         0x000000c0         xr
m_text           0x00000410         0x0001fbf0         xr
m_data           0x1ffff000         0x00004000         rw
m_cfmprotrom     0x00000400         0x00000010         xr
*default*        0x00000000         0xffffffff

Linker script and memory map

LOAD ./Generated_Code/sensorDeLuz.o
LOAD ./Generated_Code/semaforoVermelho.o
LOAD ./Generated_Code/semaforoVerde.o
LOAD ./Generated_Code/semaforoAmarelo.o
LOAD ./Generated_Code/pedestreVermelho.o
LOAD ./Generated_Code/pedestreVerde.o
LOAD ./Generated_Code/button.o
LOAD ./Generated_Code/Vectors.o
LOAD ./Generated_Code/TimerIntLdd1.o
LOAD ./Generated_Code/TU1.o
LOAD ./Generated_Code/TI1.o
LOAD ./Generated_Code/PE_LDD.o
LOAD ./Generated_Code/LED.o
LOAD ./Generated_Code/ExtIntLdd1.o
LOAD ./Generated_Code/Cpu.o
LOAD ./Generated_Code/BitIoLdd6.o
LOAD ./Generated_Code/BitIoLdd5.o
LOAD ./Generated_Code/BitIoLdd4.o
LOAD ./Generated_Code/BitIoLdd3.o
LOAD ./Generated_Code/BitIoLdd2.o
LOAD ./Generated_Code/BitIoLdd1.o
LOAD ./Generated_Code/AdcLdd1.o
LOAD ./Project_Settings/Startup_Code/__arm_start.o
LOAD ./Project_Settings/Startup_Code/__arm_end.o
LOAD ./Sources/sa_mtb.o
LOAD ./Sources/main.o
LOAD ./Sources/Events.o
                0x000017bc                __pformatter = __pformatter_
                [0x00001be4]                __sformatter = __sformatter
START GROUP
LOAD C:/Freescale/CW_MCU_v10.6/MCU/ARM_GCC_Support/ewl/lib/armv6-m\libc.a
LOAD C:/Freescale/CW_MCU_v10.6/MCU/ARM_GCC_Support/ewl/lib/armv6-m\libm.a
LOAD c:/freescale/cw_mcu_v10.6/cross_tools/arm-none-eabi-gcc-4_7_3/bin/../lib/gcc/arm-none-eabi/4.7.3/armv6-m\libgcc.a
LOAD C:/Freescale/CW_MCU_v10.6/MCU/ARM_GCC_Support/ewl/lib/armv6-m\librt.a
LOAD C:/Freescale/CW_MCU_v10.6/MCU/ARM_GCC_Support/ewl/lib/armv6-m\libuart.a
END GROUP
                0x20003000                _estack = 0x20003000
                0x20003000                __SP_INIT = _estack
                0x00000000                __heap_size = 0x0
                0x00000400                __stack_size = 0x400

.interrupts     0x00000000       0xc0
                0x00000000                __vector_table = .
                0x00000000                . = ALIGN (0x4)
 *(.vectortable)
 .vectortable   0x00000000       0xc0 ./Generated_Code/Vectors.o
                0x00000000                __vect_table
                0x000000c0                . = ALIGN (0x4)

.cfmprotect     0x00000400       0x10
                0x00000400                . = ALIGN (0x4)
 *(.cfmconfig)
 .cfmconfig     0x00000400       0x10 ./Generated_Code/Cpu.o
                0x00000400                _cfm
                0x00000410                . = ALIGN (0x4)

.text           0x00000410     0x23a4
                0x00000410                . = ALIGN (0x4)
 *(.text)
 .text          0x00000410       0x14 c:/freescale/cw_mcu_v10.6/cross_tools/arm-none-eabi-gcc-4_7_3/bin/../lib/gcc/arm-none-eabi/4.7.3/armv6-m\libgcc.a(_thumb1_case_sqi.o)
                0x00000410                __gnu_thumb1_case_sqi
 .text          0x00000424       0x14 c:/freescale/cw_mcu_v10.6/cross_tools/arm-none-eabi-gcc-4_7_3/bin/../lib/gcc/arm-none-eabi/4.7.3/armv6-m\libgcc.a(_thumb1_case_uqi.o)
                0x00000424                __gnu_thumb1_case_uqi
 .text          0x00000438       0x9c c:/freescale/cw_mcu_v10.6/cross_tools/arm-none-eabi-gcc-4_7_3/bin/../lib/gcc/arm-none-eabi/4.7.3/armv6-m\libgcc.a(_udivsi3.o)
                0x00000438                __aeabi_uidiv
                0x00000438                __udivsi3
                0x000004c0                __aeabi_uidivmod
 .text          0x000004d4       0xc0 c:/freescale/cw_mcu_v10.6/cross_tools/arm-none-eabi-gcc-4_7_3/bin/../lib/gcc/arm-none-eabi/4.7.3/armv6-m\libgcc.a(_divsi3.o)
                0x000004d4                __divsi3
                0x000004d4                __aeabi_idiv
                0x00000580                __aeabi_idivmod
 .text          0x00000594        0x4 c:/freescale/cw_mcu_v10.6/cross_tools/arm-none-eabi-gcc-4_7_3/bin/../lib/gcc/arm-none-eabi/4.7.3/armv6-m\libgcc.a(_dvmd_tls.o)
                0x00000594                __aeabi_idiv0
                0x00000594                __aeabi_ldiv0
 *(.text*)
 .text.sensorDeLuz_HWEnDi
                0x00000598       0x48 ./Generated_Code/sensorDeLuz.o
                0x00000598                sensorDeLuz_HWEnDi
 .text.sensorDeLuz_Measure
                0x000005e0       0x48 ./Generated_Code/sensorDeLuz.o
                0x000005e0                sensorDeLuz_Measure
 .text.sensorDeLuz_GetValue
                0x00000628       0x34 ./Generated_Code/sensorDeLuz.o
                0x00000628                sensorDeLuz_GetValue
 .text.AdcLdd1_OnMeasurementComplete
                0x0000065c       0x5c ./Generated_Code/sensorDeLuz.o
                0x0000065c                AdcLdd1_OnMeasurementComplete
 .text.sensorDeLuz_Init
                0x000006b8       0x2c ./Generated_Code/sensorDeLuz.o
                0x000006b8                sensorDeLuz_Init
 .text.ExtIntLdd1_OnInterrupt
                0x000006e4       0x14 ./Generated_Code/button.o
                0x000006e4                ExtIntLdd1_OnInterrupt
 .text.TimerIntLdd1_Init
                0x000006f8       0x50 ./Generated_Code/TimerIntLdd1.o
                0x000006f8                TimerIntLdd1_Init
 .text.TU1_OnCounterRestart
                0x00000748       0x24 ./Generated_Code/TimerIntLdd1.o
                0x00000748                TU1_OnCounterRestart
 .text.TU1_Init
                0x0000076c       0xc0 ./Generated_Code/TU1.o
                0x0000076c                TU1_Init
 .text.TU1_Interrupt
                0x0000082c       0x30 ./Generated_Code/TU1.o
                0x0000082c                TU1_Interrupt
 .text.TimerIntLdd1_OnInterrupt
                0x0000085c       0x14 ./Generated_Code/TI1.o
                0x0000085c                TimerIntLdd1_OnInterrupt
 .text.ExtIntLdd1_Init
                0x00000870       0x8c ./Generated_Code/ExtIntLdd1.o
                0x00000870                ExtIntLdd1_Init
 .text.ExtIntLdd1_Interrupt
                0x000008fc       0x34 ./Generated_Code/ExtIntLdd1.o
                0x000008fc                ExtIntLdd1_Interrupt
 .text.Cpu_INT_NMIInterrupt
                0x00000930        0xc ./Generated_Code/Cpu.o
                0x00000930                Cpu_INT_NMIInterrupt
 .text.Cpu_Interrupt
                0x0000093c        0xc ./Generated_Code/Cpu.o
                0x0000093c                Cpu_Interrupt
 .text.__init_hardware
                0x00000948      0x120 ./Generated_Code/Cpu.o
                0x00000948                __init_hardware
 .text.PE_low_level_init
                0x00000a68      0x110 ./Generated_Code/Cpu.o
                0x00000a68                PE_low_level_init
 .text.BitIoLdd6_Init
                0x00000b78       0x60 ./Generated_Code/BitIoLdd6.o
                0x00000b78                BitIoLdd6_Init
 .text.BitIoLdd6_NegVal
                0x00000bd8       0x18 ./Generated_Code/BitIoLdd6.o
                0x00000bd8                BitIoLdd6_NegVal
 .text.BitIoLdd5_Init
                0x00000bf0       0x68 ./Generated_Code/BitIoLdd5.o
                0x00000bf0                BitIoLdd5_Init
 .text.BitIoLdd5_NegVal
                0x00000c58       0x1c ./Generated_Code/BitIoLdd5.o
                0x00000c58                BitIoLdd5_NegVal
 .text.BitIoLdd4_Init
                0x00000c74       0x60 ./Generated_Code/BitIoLdd4.o
                0x00000c74                BitIoLdd4_Init
 .text.BitIoLdd4_NegVal
                0x00000cd4       0x18 ./Generated_Code/BitIoLdd4.o
                0x00000cd4                BitIoLdd4_NegVal
 .text.BitIoLdd3_Init
                0x00000cec       0x68 ./Generated_Code/BitIoLdd3.o
                0x00000cec                BitIoLdd3_Init
 .text.BitIoLdd3_NegVal
                0x00000d54       0x1c ./Generated_Code/BitIoLdd3.o
                0x00000d54                BitIoLdd3_NegVal
 .text.BitIoLdd2_Init
                0x00000d70       0x64 ./Generated_Code/BitIoLdd2.o
                0x00000d70                BitIoLdd2_Init
 .text.BitIoLdd2_NegVal
                0x00000dd4       0x1c ./Generated_Code/BitIoLdd2.o
                0x00000dd4                BitIoLdd2_NegVal
 .text.BitIoLdd1_Init
                0x00000df0       0x64 ./Generated_Code/BitIoLdd1.o
                0x00000df0                BitIoLdd1_Init
 .text.AdcLdd1_Init
                0x00000e54       0xbc ./Generated_Code/AdcLdd1.o
                0x00000e54                AdcLdd1_Init
 .text.AdcLdd1_StartSingleMeasurement
                0x00000f10       0x44 ./Generated_Code/AdcLdd1.o
                0x00000f10                AdcLdd1_StartSingleMeasurement
 .text.AdcLdd1_CreateSampleGroup
                0x00000f54       0x6c ./Generated_Code/AdcLdd1.o
                0x00000f54                AdcLdd1_CreateSampleGroup
 .text.AdcLdd1_GetMeasuredValues
                0x00000fc0       0x60 ./Generated_Code/AdcLdd1.o
                0x00000fc0                AdcLdd1_GetMeasuredValues
 .text.AdcLdd1_GetCalibrationResultStatus
                0x00001020       0xb8 ./Generated_Code/AdcLdd1.o
                0x00001020                AdcLdd1_GetCalibrationResultStatus
 .text.AdcLdd1_MeasurementCompleteInterrupt
                0x000010d8       0x30 ./Generated_Code/AdcLdd1.o
                0x000010d8                AdcLdd1_MeasurementCompleteInterrupt
 .text.zero_fill_bss
                0x00001108       0x24 ./Project_Settings/Startup_Code/__arm_start.o
 .text.__thumb_startup
                0x0000112c       0x30 ./Project_Settings/Startup_Code/__arm_start.o
                0x0000112c                __thumb_startup
 .text._ExitProcess
                0x0000115c        0xc ./Project_Settings/Startup_Code/__arm_end.o
                0x0000115c                _ExitProcess
 .text.ligaSemaforoVerde
                0x00001168       0x20 ./Sources/main.o
                0x00001168                ligaSemaforoVerde
 .text.desligaSemaforoVerde
                0x00001188       0x20 ./Sources/main.o
                0x00001188                desligaSemaforoVerde
 .text.ligaSemaforoAmarelo
                0x000011a8       0x20 ./Sources/main.o
                0x000011a8                ligaSemaforoAmarelo
 .text.desligaSemaforoAmarelo
                0x000011c8       0x20 ./Sources/main.o
                0x000011c8                desligaSemaforoAmarelo
 .text.ligaSemaforoVermelho
                0x000011e8       0x20 ./Sources/main.o
                0x000011e8                ligaSemaforoVermelho
 .text.desligaSemaforoVermelho
                0x00001208       0x20 ./Sources/main.o
                0x00001208                desligaSemaforoVermelho
 .text.desligaPedestreVermelho
                0x00001228       0x20 ./Sources/main.o
                0x00001228                desligaPedestreVermelho
 .text.ligaPedestreVerde
                0x00001248       0x20 ./Sources/main.o
                0x00001248                ligaPedestreVerde
 .text.desligaPedestreVerde
                0x00001268       0x20 ./Sources/main.o
                0x00001268                desligaPedestreVerde
 .text.verificaSeDesligadoELigaPedestreVermelho
                0x00001288       0x28 ./Sources/main.o
                0x00001288                verificaSeDesligadoELigaPedestreVermelho
 .text.verificaSeLigadoEApagaSemaforoAmarelo
                0x000012b0       0x28 ./Sources/main.o
                0x000012b0                verificaSeLigadoEApagaSemaforoAmarelo
 .text.GetClaroOuEscuro
                0x000012d8       0x2c ./Sources/main.o
                0x000012d8                GetClaroOuEscuro
 .text.GetDiaOuNoite
                0x00001304       0x84 ./Sources/main.o
                0x00001304                GetDiaOuNoite
 .text.mudaParaDia
                0x00001388       0x20 ./Sources/main.o
                0x00001388                mudaParaDia
 .text.mudaParaNoite
                0x000013a8       0x18 ./Sources/main.o
                0x000013a8                mudaParaNoite
 .text.piscaSemaforoAmarelo
                0x000013c0       0x30 ./Sources/main.o
                0x000013c0                piscaSemaforoAmarelo
 .text.piscaPedestreVermelho
                0x000013f0       0x30 ./Sources/main.o
                0x000013f0                piscaPedestreVermelho
 .text.tickDoTimer
                0x00001420      0x14c ./Sources/main.o
                0x00001420                tickDoTimer
 .text.main     0x0000156c       0x20 ./Sources/main.o
                0x0000156c                main
 .text.Cpu_OnNMIINT
                0x0000158c        0x8 ./Sources/Events.o
                0x0000158c                Cpu_OnNMIINT
 .text.TI1_OnInterrupt
                0x00001594       0x18 ./Sources/Events.o
                0x00001594                TI1_OnInterrupt
 .text.sensorDeLuz_OnEnd
                0x000015ac        0x8 ./Sources/Events.o
                0x000015ac                sensorDeLuz_OnEnd
 .text.sensorDeLuz_OnCalibrationEnd
                0x000015b4        0x8 ./Sources/Events.o
                0x000015b4                sensorDeLuz_OnCalibrationEnd
 .text.button_OnInterrupt
                0x000015bc       0x20 ./Sources/Events.o
                0x000015bc                button_OnInterrupt
 .text.exit     0x000015dc       0x38 C:/Freescale/CW_MCU_v10.6/MCU/ARM_GCC_Support/ewl/lib/armv6-m\libc.a(exit.o)
                0x000015dc                exit
 .text.memset   0x00001614        0xc C:/Freescale/CW_MCU_v10.6/MCU/ARM_GCC_Support/ewl/lib/armv6-m\libc.a(memset.o)
                0x00001614                memset
 .text.long2str.isra.0
                0x00001620      0x19c C:/Freescale/CW_MCU_v10.6/MCU/ARM_GCC_Support/ewl/lib/armv6-m\libc.a(printformat_.o)
 .text.__pformatter_
                0x000017bc      0x428 C:/Freescale/CW_MCU_v10.6/MCU/ARM_GCC_Support/ewl/lib/armv6-m\libc.a(printformat_.o)
                0x000017bc                __pformatter_
 .text.__sformatter
                0x00001be4      0x698 C:/Freescale/CW_MCU_v10.6/MCU/ARM_GCC_Support/ewl/lib/armv6-m\libc.a(scanformat_.o)
                0x00001be4                __sformatter
 .text.isalpha  0x0000227c       0x20 C:/Freescale/CW_MCU_v10.6/MCU/ARM_GCC_Support/ewl/lib/armv6-m\libc.a(ctype_aeabi.o)
                0x0000227c                isalpha
 .text.isspace  0x0000229c       0x20 C:/Freescale/CW_MCU_v10.6/MCU/ARM_GCC_Support/ewl/lib/armv6-m\libc.a(ctype_aeabi.o)
                0x0000229c                isspace
 .text.toupper  0x000022bc        0xe C:/Freescale/CW_MCU_v10.6/MCU/ARM_GCC_Support/ewl/lib/armv6-m\libc.a(ctype_aeabi.o)
                0x000022bc                toupper
 .text.__strtoul
                0x000022ca      0x1ce C:/Freescale/CW_MCU_v10.6/MCU/ARM_GCC_Support/ewl/lib/armv6-m\libc.a(__strtoul.o)
                0x000022ca                __strtoul
 .text.__fill_mem
                0x00002498       0x7e C:/Freescale/CW_MCU_v10.6/MCU/ARM_GCC_Support/ewl/lib/armv6-m\libc.a(__filll_mem.o)
                0x00002498                __fill_mem
 .text.memchr   0x00002516       0x1a C:/Freescale/CW_MCU_v10.6/MCU/ARM_GCC_Support/ewl/lib/armv6-m\libc.a(memchr.o)
                0x00002516                memchr
 .text.memcpy   0x00002530       0x12 C:/Freescale/CW_MCU_v10.6/MCU/ARM_GCC_Support/ewl/lib/armv6-m\libc.a(memcpy.o)
                0x00002530                memcpy
 .text.strchr   0x00002542       0x1e C:/Freescale/CW_MCU_v10.6/MCU/ARM_GCC_Support/ewl/lib/armv6-m\libc.a(strchr.o)
                0x00002542                strchr
 .text.strlen   0x00002560       0x10 C:/Freescale/CW_MCU_v10.6/MCU/ARM_GCC_Support/ewl/lib/armv6-m\libc.a(strlen.o)
                0x00002560                strlen
 .text.__init_cpp
                0x00002570       0x48 C:/Freescale/CW_MCU_v10.6/MCU/ARM_GCC_Support/ewl/lib/armv6-m\librt.a(gcc_ctor_dtor.o)
                0x00002570                __init_cpp
 .text.__fini_cpp
                0x000025b8       0x34 C:/Freescale/CW_MCU_v10.6/MCU/ARM_GCC_Support/ewl/lib/armv6-m\librt.a(gcc_ctor_dtor.o)
                0x000025b8                __fini_cpp
 .text.__copy_rom_section
                0x000025ec       0x48 C:/Freescale/CW_MCU_v10.6/MCU/ARM_GCC_Support/ewl/lib/armv6-m\librt.a(ROMCopy.o)
                0x000025ec                __copy_rom_section
 .text.__copy_rom_sections_to_ram
                0x00002634       0x34 C:/Freescale/CW_MCU_v10.6/MCU/ARM_GCC_Support/ewl/lib/armv6-m\librt.a(ROMCopy.o)
                0x00002634                __copy_rom_sections_to_ram
 .text.__destroy_global_chain
                0x00002668       0x1c C:/Freescale/CW_MCU_v10.6/MCU/ARM_GCC_Support/ewl/lib/armv6-m\librt.a(__arm_eabi_init.o)
                0x00002668                __destroy_global_chain
 .text.__init_registers
                0x00002684       0x1c C:/Freescale/CW_MCU_v10.6/MCU/ARM_GCC_Support/ewl/lib/armv6-m\librt.a(__arm_eabi_init.o)
                0x00002684                __init_registers
 .text.__init_user
                0x000026a0        0x4 C:/Freescale/CW_MCU_v10.6/MCU/ARM_GCC_Support/ewl/lib/armv6-m\librt.a(__arm_eabi_init.o)
                0x000026a0                __init_user
 *(.rodata)
 *(.rodata*)
 .rodata.ChannelToPin
                0x000026a4        0x4 ./Generated_Code/AdcLdd1.o
 .rodata.str1.1
                0x000026a8        0x1 C:/Freescale/CW_MCU_v10.6/MCU/ARM_GCC_Support/ewl/lib/armv6-m\libc.a(printformat_.o)
 .rodata.CSWTCH.20
                0x000026a9        0x5 C:/Freescale/CW_MCU_v10.6/MCU/ARM_GCC_Support/ewl/lib/armv6-m\libc.a(printformat_.o)
 .rodata.CSWTCH.21
                0x000026ae        0x5 C:/Freescale/CW_MCU_v10.6/MCU/ARM_GCC_Support/ewl/lib/armv6-m\libc.a(printformat_.o)
 .rodata.__aeabi_ctype_table_C
                0x000026b3      0x101 C:/Freescale/CW_MCU_v10.6/MCU/ARM_GCC_Support/ewl/lib/armv6-m\libc.a(ctype_aeabi.o)
                0x000026b3                __aeabi_ctype_table_C
 *(.glue_7)
 .glue_7        0x00000000        0x0 linker stubs
 *(.glue_7t)
 .glue_7t       0x00000000        0x0 linker stubs
 *(.eh_frame)
 *(.init)
 *(.fini)
                0x000027b4                . = ALIGN (0x4)
                0x000027b4                _etext = .

.vfp11_veneer   0x000027b4        0x0
 .vfp11_veneer  0x00000000        0x0 linker stubs

.v4_bx          0x000027b4        0x0
 .v4_bx         0x00000000        0x0 linker stubs

.iplt           0x000027b4        0x0
 .iplt          0x00000000        0x0 ./Generated_Code/sensorDeLuz.o

.rel.dyn        0x000027b4        0x0
 .rel.iplt      0x00000000        0x0 ./Generated_Code/sensorDeLuz.o

.ARM.extab
 *(.ARM.extab* .gnu.linkonce.armextab.*)

.ARM            0x000027b4        0x0
                0x000027b4                __exidx_start = .
 *(.ARM.exidx*)
                0x000027b4                __exidx_end = .

.ctors          0x000027b4        0x0
                0x000027b4                __CTOR_LIST__ = .
 *crtbegin.o(.ctors)
 *(EXCLUDE_FILE(*crtend.o) .ctors)
 *(SORT(.ctors.*))
 *(.ctors)
                0x000027b4                __CTOR_END__ = .

.dtors          0x000027b4        0x0
                0x000027b4                __DTOR_LIST__ = .
 *crtbegin.o(.dtors)
 *(EXCLUDE_FILE(*crtend.o) .dtors)
 *(SORT(.dtors.*))
 *(.dtors)
                0x000027b4                __DTOR_END__ = .

.preinit_array  0x000027b4        0x0
                0x000027b4                PROVIDE (__preinit_array_start, .)
 *(.preinit_array*)
                0x000027b4                PROVIDE (__preinit_array_end, .)

.init_array     0x000027b4        0x0
                0x000027b4                PROVIDE (__init_array_start, .)
 *(SORT(.init_array.*))
 *(.init_array*)
                0x000027b4                PROVIDE (__init_array_end, .)

.fini_array     0x000027b4        0x0
                0x000027b4                PROVIDE (__fini_array_start, .)
 *(SORT(.fini_array.*))
 *(.fini_array*)
                0x000027b4                PROVIDE (__fini_array_end, .)
                0x000027b4                ___ROM_AT = .

.mtb            0x1ffff000        0x0
                0x1ffff000                . = ALIGN (0x8)
                0x1ffff000                _mtb_start = .
 *(.mtb_buf)
                0x1ffff000                . = ALIGN (0x8)
                0x1ffff000                _mtb_end = .

.data           0x1ffff000       0x24 load address 0x000027b4
                0x1ffff000                . = ALIGN (0x4)
                0x1ffff000                _sdata = .
 *(.data)
 *(.data*)
 .data.carroVerde
                0x1ffff000        0x4 ./Sources/main.o
                0x1ffff000                carroVerde
 .data.pedVermelho
                0x1ffff004        0x4 ./Sources/main.o
                0x1ffff004                pedVermelho
 .data.cicloVerde
                0x1ffff008        0x4 ./Sources/main.o
                0x1ffff008                cicloVerde
 .data.cicloAmarelo
                0x1ffff00c        0x4 ./Sources/main.o
                0x1ffff00c                cicloAmarelo
 .data.cicloVermelho
                0x1ffff010        0x4 ./Sources/main.o
                0x1ffff010                cicloVermelho
 .data.cicloPedestrePiscando
                0x1ffff014        0x4 ./Sources/main.o
                0x1ffff014                cicloPedestrePiscando
 .data.velocidadePiscando
                0x1ffff018        0x4 ./Sources/main.o
                0x1ffff018                velocidadePiscando
 .data.thresholdDiaNoite
                0x1ffff01c        0x4 ./Sources/main.o
                0x1ffff01c                thresholdDiaNoite
 .data.initAux  0x1ffff020        0x4 ./Sources/main.o
                0x1ffff020                initAux
                0x1ffff024                . = ALIGN (0x4)
                0x1ffff024                _edata = .
                0x00000024                ___data_size = (_edata - _sdata)

.igot.plt       0x1ffff024        0x0 load address 0x000027d8
 .igot.plt      0x00000000        0x0 ./Generated_Code/sensorDeLuz.o
                0x1ffff024                . = ALIGN (0x4)

.bss            0x1ffff024       0xc4 load address 0x000027d8
                0x1ffff024                __START_BSS = .
                0x1ffff024                PROVIDE (__bss_start__, __START_BSS)
 *(.bss)
 *(.bss*)
 .bss.ModeFlg   0x1ffff024        0x1 ./Generated_Code/sensorDeLuz.o
 *fill*         0x1ffff025        0x3 00
 .bss.SampleGroup
                0x1ffff028        0x4 ./Generated_Code/sensorDeLuz.o
 .bss.OutFlg    0x1ffff02c        0x1 ./Generated_Code/sensorDeLuz.o
 *fill*         0x1ffff02d        0x3 00
 .bss.DeviceDataPrv__DEFAULT_RTOS_ALLOC
                0x1ffff030        0xc ./Generated_Code/TimerIntLdd1.o
 .bss.DeviceDataPrv__DEFAULT_RTOS_ALLOC
                0x1ffff03c        0x8 ./Generated_Code/TU1.o
 .bss.INT_LPTimer__DEFAULT_RTOS_ISRPARAM
                0x1ffff044        0x4 ./Generated_Code/TU1.o
 .bss.PE_LDD_DeviceDataList
                0x1ffff048       0x28 ./Generated_Code/PE_LDD.o
                0x1ffff048                PE_LDD_DeviceDataList
 .bss.DeviceDataPrv__DEFAULT_RTOS_ALLOC
                0x1ffff070        0x4 ./Generated_Code/ExtIntLdd1.o
 .bss.INT_PORTA__DEFAULT_RTOS_ISRPARAM
                0x1ffff074        0x4 ./Generated_Code/ExtIntLdd1.o
 .bss.DeviceDataPrv__DEFAULT_RTOS_ALLOC
                0x1ffff078        0x4 ./Generated_Code/BitIoLdd6.o
 .bss.DeviceDataPrv__DEFAULT_RTOS_ALLOC
                0x1ffff07c        0x4 ./Generated_Code/BitIoLdd5.o
 .bss.DeviceDataPrv__DEFAULT_RTOS_ALLOC
                0x1ffff080        0x4 ./Generated_Code/BitIoLdd4.o
 .bss.DeviceDataPrv__DEFAULT_RTOS_ALLOC
                0x1ffff084        0x4 ./Generated_Code/BitIoLdd3.o
 .bss.DeviceDataPrv__DEFAULT_RTOS_ALLOC
                0x1ffff088        0x4 ./Generated_Code/BitIoLdd2.o
 .bss.DeviceDataPrv__DEFAULT_RTOS_ALLOC
                0x1ffff08c        0x4 ./Generated_Code/BitIoLdd1.o
 .bss.DeviceDataPrv__DEFAULT_RTOS_ALLOC
                0x1ffff090        0x8 ./Generated_Code/AdcLdd1.o
 .bss.INT_ADC0__DEFAULT_RTOS_ISRPARAM
                0x1ffff098        0x4 ./Generated_Code/AdcLdd1.o
 .bss.argv      0x1ffff09c        0x4 ./Project_Settings/Startup_Code/__arm_start.o
 .bss.counter   0x1ffff0a0        0x4 ./Sources/main.o
                0x1ffff0a0                counter
 .bss.carroAmarelo
                0x1ffff0a4        0x4 ./Sources/main.o
                0x1ffff0a4                carroAmarelo
 .bss.carroVermelho
                0x1ffff0a8        0x4 ./Sources/main.o
                0x1ffff0a8                carroVermelho
 .bss.pedVerde  0x1ffff0ac        0x4 ./Sources/main.o
                0x1ffff0ac                pedVerde
 .bss.estado    0x1ffff0b0        0x4 ./Sources/main.o
                0x1ffff0b0                estado
 .bss.counterDiaNoite
                0x1ffff0b4        0x4 ./Sources/main.o
                0x1ffff0b4                counterDiaNoite
 .bss.noite     0x1ffff0b8        0x4 ./Sources/main.o
                0x1ffff0b8                noite
 .bss.pedestreEsperando
                0x1ffff0bc        0x4 ./Sources/main.o
                0x1ffff0bc                pedestreEsperando
 .bss.estadoNoite
                0x1ffff0c0        0x4 ./Sources/main.o
                0x1ffff0c0                estadoNoite
 .bss.__stdio_exit
                0x1ffff0c4        0x4 C:/Freescale/CW_MCU_v10.6/MCU/ARM_GCC_Support/ewl/lib/armv6-m\libc.a(exit.o)
                0x1ffff0c4                __stdio_exit
 .bss.__console_exit
                0x1ffff0c8        0x4 C:/Freescale/CW_MCU_v10.6/MCU/ARM_GCC_Support/ewl/lib/armv6-m\libc.a(exit.o)
                0x1ffff0c8                __console_exit
 .bss.__S_romp  0x1ffff0cc        0xc C:/Freescale/CW_MCU_v10.6/MCU/ARM_GCC_Support/ewl/lib/armv6-m\librt.a(ROMCopy.o)
 .bss.__global_destructor_chain
                0x1ffff0d8        0x4 C:/Freescale/CW_MCU_v10.6/MCU/ARM_GCC_Support/ewl/lib/armv6-m\librt.a(__arm_eabi_init.o)
                0x1ffff0d8                __global_destructor_chain
 *(COMMON)
 COMMON         0x1ffff0dc        0x6 ./Generated_Code/sensorDeLuz.o
                0x1ffff0dc                AdcLdd1_DeviceDataPtr
                0x1ffff0e0                sensorDeLuz_OutV
 *fill*         0x1ffff0e2        0x2 00
 COMMON         0x1ffff0e4        0x4 ./Sources/main.o
                0x1ffff0e4                valorLuminosidade
                0x1ffff0e8                . = ALIGN (0x4)
                0x1ffff0e8                __END_BSS = .
                0x1ffff0e8                PROVIDE (__bss_end__, __END_BSS)
                0x000027d8                _romp_at = (___ROM_AT + SIZEOF (.data))

.romp           0x1ffff0e8       0x18 load address 0x000027d8
                0x000027d8                __S_romp = _romp_at
                0x1ffff0e8        0x4 LONG 0x27b4 ___ROM_AT
                0x1ffff0ec        0x4 LONG 0x1ffff000 _sdata
                0x1ffff0f0        0x4 LONG 0x24 ___data_size
                0x1ffff0f4        0x4 LONG 0x0
                0x1ffff0f8        0x4 LONG 0x0
                0x1ffff0fc        0x4 LONG 0x0

._user_heap_stack
                0x1ffff100      0x400 load address 0x000027f0
                0x1ffff100                . = ALIGN (0x4)
                0x1ffff100                PROVIDE (end, .)
                0x1ffff100                PROVIDE (_end, .)
                0x1ffff100                __heap_addr = .
                0x1ffff100                . = (. + __heap_size)
                0x1ffff500                . = (. + __stack_size)
 *fill*         0x1ffff100      0x400 00
                0x1ffff500                . = ALIGN (0x4)

.ARM.attributes
                0x00000000       0x31
 *(.ARM.attributes)
 .ARM.attributes
                0x00000000       0x31 ./Generated_Code/sensorDeLuz.o
 .ARM.attributes
                0x00000031       0x31 ./Generated_Code/button.o
 .ARM.attributes
                0x00000062       0x31 ./Generated_Code/Vectors.o
 .ARM.attributes
                0x00000093       0x31 ./Generated_Code/TimerIntLdd1.o
 .ARM.attributes
                0x000000c4       0x31 ./Generated_Code/TU1.o
 .ARM.attributes
                0x000000f5       0x31 ./Generated_Code/TI1.o
 .ARM.attributes
                0x00000126       0x31 ./Generated_Code/PE_LDD.o
 .ARM.attributes
                0x00000157       0x31 ./Generated_Code/ExtIntLdd1.o
 .ARM.attributes
                0x00000188       0x31 ./Generated_Code/Cpu.o
 .ARM.attributes
                0x000001b9       0x31 ./Generated_Code/BitIoLdd6.o
 .ARM.attributes
                0x000001ea       0x31 ./Generated_Code/BitIoLdd5.o
 .ARM.attributes
                0x0000021b       0x31 ./Generated_Code/BitIoLdd4.o
 .ARM.attributes
                0x0000024c       0x31 ./Generated_Code/BitIoLdd3.o
 .ARM.attributes
                0x0000027d       0x31 ./Generated_Code/BitIoLdd2.o
 .ARM.attributes
                0x000002ae       0x31 ./Generated_Code/BitIoLdd1.o
 .ARM.attributes
                0x000002df       0x31 ./Generated_Code/AdcLdd1.o
 .ARM.attributes
                0x00000310       0x31 ./Project_Settings/Startup_Code/__arm_start.o
 .ARM.attributes
                0x00000341       0x31 ./Project_Settings/Startup_Code/__arm_end.o
 .ARM.attributes
                0x00000372       0x31 ./Sources/main.o
 .ARM.attributes
                0x000003a3       0x31 ./Sources/Events.o
 .ARM.attributes
                0x000003d4       0x31 C:/Freescale/CW_MCU_v10.6/MCU/ARM_GCC_Support/ewl/lib/armv6-m\libc.a(exit.o)
 .ARM.attributes
                0x00000405       0x31 C:/Freescale/CW_MCU_v10.6/MCU/ARM_GCC_Support/ewl/lib/armv6-m\libc.a(memset.o)
 .ARM.attributes
                0x00000436       0x31 C:/Freescale/CW_MCU_v10.6/MCU/ARM_GCC_Support/ewl/lib/armv6-m\libc.a(printformat_.o)
 .ARM.attributes
                0x00000467       0x31 C:/Freescale/CW_MCU_v10.6/MCU/ARM_GCC_Support/ewl/lib/armv6-m\libc.a(scanformat_.o)
 .ARM.attributes
                0x00000498       0x31 C:/Freescale/CW_MCU_v10.6/MCU/ARM_GCC_Support/ewl/lib/armv6-m\libc.a(ctype_aeabi.o)
 .ARM.attributes
                0x000004c9       0x31 C:/Freescale/CW_MCU_v10.6/MCU/ARM_GCC_Support/ewl/lib/armv6-m\libc.a(__strtoul.o)
 .ARM.attributes
                0x000004fa       0x31 C:/Freescale/CW_MCU_v10.6/MCU/ARM_GCC_Support/ewl/lib/armv6-m\libc.a(__filll_mem.o)
 .ARM.attributes
                0x0000052b       0x31 C:/Freescale/CW_MCU_v10.6/MCU/ARM_GCC_Support/ewl/lib/armv6-m\libc.a(memchr.o)
 .ARM.attributes
                0x0000055c       0x31 C:/Freescale/CW_MCU_v10.6/MCU/ARM_GCC_Support/ewl/lib/armv6-m\libc.a(memcpy.o)
 .ARM.attributes
                0x0000058d       0x31 C:/Freescale/CW_MCU_v10.6/MCU/ARM_GCC_Support/ewl/lib/armv6-m\libc.a(strchr.o)
 .ARM.attributes
                0x000005be       0x31 C:/Freescale/CW_MCU_v10.6/MCU/ARM_GCC_Support/ewl/lib/armv6-m\libc.a(strlen.o)
 .ARM.attributes
                0x000005ef       0x1e c:/freescale/cw_mcu_v10.6/cross_tools/arm-none-eabi-gcc-4_7_3/bin/../lib/gcc/arm-none-eabi/4.7.3/armv6-m\libgcc.a(_thumb1_case_sqi.o)
 .ARM.attributes
                0x0000060d       0x1e c:/freescale/cw_mcu_v10.6/cross_tools/arm-none-eabi-gcc-4_7_3/bin/../lib/gcc/arm-none-eabi/4.7.3/armv6-m\libgcc.a(_thumb1_case_uqi.o)
 .ARM.attributes
                0x0000062b       0x1e c:/freescale/cw_mcu_v10.6/cross_tools/arm-none-eabi-gcc-4_7_3/bin/../lib/gcc/arm-none-eabi/4.7.3/armv6-m\libgcc.a(_udivsi3.o)
 .ARM.attributes
                0x00000649       0x1e c:/freescale/cw_mcu_v10.6/cross_tools/arm-none-eabi-gcc-4_7_3/bin/../lib/gcc/arm-none-eabi/4.7.3/armv6-m\libgcc.a(_divsi3.o)
 .ARM.attributes
                0x00000667       0x1e c:/freescale/cw_mcu_v10.6/cross_tools/arm-none-eabi-gcc-4_7_3/bin/../lib/gcc/arm-none-eabi/4.7.3/armv6-m\libgcc.a(_dvmd_tls.o)
 .ARM.attributes
                0x00000685       0x31 C:/Freescale/CW_MCU_v10.6/MCU/ARM_GCC_Support/ewl/lib/armv6-m\librt.a(gcc_ctor_dtor.o)
 .ARM.attributes
                0x000006b6       0x31 C:/Freescale/CW_MCU_v10.6/MCU/ARM_GCC_Support/ewl/lib/armv6-m\librt.a(ROMCopy.o)
 .ARM.attributes
                0x000006e7       0x31 C:/Freescale/CW_MCU_v10.6/MCU/ARM_GCC_Support/ewl/lib/armv6-m\librt.a(__arm_eabi_init.o)
OUTPUT(semaforo.elf elf32-littlearm)

.debug_info     0x00000000     0x5833
 .debug_info    0x00000000      0x283 ./Generated_Code/sensorDeLuz.o
 .debug_info    0x00000283       0xa7 ./Generated_Code/button.o
 .debug_info    0x0000032a      0x104 ./Generated_Code/Vectors.o
 .debug_info    0x0000042e      0x178 ./Generated_Code/TimerIntLdd1.o
 .debug_info    0x000005a6      0x4ec ./Generated_Code/TU1.o
 .debug_info    0x00000a92       0xa7 ./Generated_Code/TI1.o
 .debug_info    0x00000b39      0x24e ./Generated_Code/PE_LDD.o
 .debug_info    0x00000d87      0x3a9 ./Generated_Code/ExtIntLdd1.o
 .debug_info    0x00001130      0x960 ./Generated_Code/Cpu.o
 .debug_info    0x00001a90      0x2f6 ./Generated_Code/BitIoLdd6.o
 .debug_info    0x00001d86      0x2f6 ./Generated_Code/BitIoLdd5.o
 .debug_info    0x0000207c      0x2f6 ./Generated_Code/BitIoLdd4.o
 .debug_info    0x00002372      0x2f6 ./Generated_Code/BitIoLdd3.o
 .debug_info    0x00002668      0x2f6 ./Generated_Code/BitIoLdd2.o
 .debug_info    0x0000295e      0x2f6 ./Generated_Code/BitIoLdd1.o
 .debug_info    0x00002c54      0x969 ./Generated_Code/AdcLdd1.o
 .debug_info    0x000035bd      0x12a ./Project_Settings/Startup_Code/__arm_start.o
 .debug_info    0x000036e7       0x54 ./Project_Settings/Startup_Code/__arm_end.o
 .debug_info    0x0000373b      0x3a2 ./Sources/main.o
 .debug_info    0x00003add      0x13e ./Sources/Events.o
 .debug_info    0x00003c1b       0xe8 C:/Freescale/CW_MCU_v10.6/MCU/ARM_GCC_Support/ewl/lib/armv6-m\libc.a(exit.o)
 .debug_info    0x00003d03       0xec C:/Freescale/CW_MCU_v10.6/MCU/ARM_GCC_Support/ewl/lib/armv6-m\libc.a(memset.o)
 .debug_info    0x00003def      0x50d C:/Freescale/CW_MCU_v10.6/MCU/ARM_GCC_Support/ewl/lib/armv6-m\libc.a(printformat_.o)
 .debug_info    0x000042fc      0x568 C:/Freescale/CW_MCU_v10.6/MCU/ARM_GCC_Support/ewl/lib/armv6-m\libc.a(scanformat_.o)
 .debug_info    0x00004864      0x313 C:/Freescale/CW_MCU_v10.6/MCU/ARM_GCC_Support/ewl/lib/armv6-m\libc.a(ctype_aeabi.o)
 .debug_info    0x00004b77      0x1d6 C:/Freescale/CW_MCU_v10.6/MCU/ARM_GCC_Support/ewl/lib/armv6-m\libc.a(__strtoul.o)
 .debug_info    0x00004d4d      0x137 C:/Freescale/CW_MCU_v10.6/MCU/ARM_GCC_Support/ewl/lib/armv6-m\libc.a(__filll_mem.o)
 .debug_info    0x00004e84      0x121 C:/Freescale/CW_MCU_v10.6/MCU/ARM_GCC_Support/ewl/lib/armv6-m\libc.a(memchr.o)
 .debug_info    0x00004fa5      0x10f C:/Freescale/CW_MCU_v10.6/MCU/ARM_GCC_Support/ewl/lib/armv6-m\libc.a(memcpy.o)
 .debug_info    0x000050b4      0x10b C:/Freescale/CW_MCU_v10.6/MCU/ARM_GCC_Support/ewl/lib/armv6-m\libc.a(strchr.o)
 .debug_info    0x000051bf       0xea C:/Freescale/CW_MCU_v10.6/MCU/ARM_GCC_Support/ewl/lib/armv6-m\libc.a(strlen.o)
 .debug_info    0x000052a9      0x136 C:/Freescale/CW_MCU_v10.6/MCU/ARM_GCC_Support/ewl/lib/armv6-m\librt.a(gcc_ctor_dtor.o)
 .debug_info    0x000053df      0x19b C:/Freescale/CW_MCU_v10.6/MCU/ARM_GCC_Support/ewl/lib/armv6-m\librt.a(ROMCopy.o)
 .debug_info    0x0000557a      0x2b9 C:/Freescale/CW_MCU_v10.6/MCU/ARM_GCC_Support/ewl/lib/armv6-m\librt.a(__arm_eabi_init.o)

.debug_abbrev   0x00000000     0x1e8c
 .debug_abbrev  0x00000000      0x143 ./Generated_Code/sensorDeLuz.o
 .debug_abbrev  0x00000143       0x60 ./Generated_Code/button.o
 .debug_abbrev  0x000001a3       0xa3 ./Generated_Code/Vectors.o
 .debug_abbrev  0x00000246       0xd2 ./Generated_Code/TimerIntLdd1.o
 .debug_abbrev  0x00000318      0x134 ./Generated_Code/TU1.o
 .debug_abbrev  0x0000044c       0x60 ./Generated_Code/TI1.o
 .debug_abbrev  0x000004ac      0x102 ./Generated_Code/PE_LDD.o
 .debug_abbrev  0x000005ae      0x134 ./Generated_Code/ExtIntLdd1.o
 .debug_abbrev  0x000006e2      0x122 ./Generated_Code/Cpu.o
 .debug_abbrev  0x00000804      0x11c ./Generated_Code/BitIoLdd6.o
 .debug_abbrev  0x00000920      0x11c ./Generated_Code/BitIoLdd5.o
 .debug_abbrev  0x00000a3c      0x11c ./Generated_Code/BitIoLdd4.o
 .debug_abbrev  0x00000b58      0x11c ./Generated_Code/BitIoLdd3.o
 .debug_abbrev  0x00000c74      0x11c ./Generated_Code/BitIoLdd2.o
 .debug_abbrev  0x00000d90      0x11c ./Generated_Code/BitIoLdd1.o
 .debug_abbrev  0x00000eac      0x1a6 ./Generated_Code/AdcLdd1.o
 .debug_abbrev  0x00001052       0x92 ./Project_Settings/Startup_Code/__arm_start.o
 .debug_abbrev  0x000010e4       0x4c ./Project_Settings/Startup_Code/__arm_end.o
 .debug_abbrev  0x00001130       0xaf ./Sources/main.o
 .debug_abbrev  0x000011df       0x7f ./Sources/Events.o
 .debug_abbrev  0x0000125e       0x7a C:/Freescale/CW_MCU_v10.6/MCU/ARM_GCC_Support/ewl/lib/armv6-m\libc.a(exit.o)
 .debug_abbrev  0x000012d8       0x62 C:/Freescale/CW_MCU_v10.6/MCU/ARM_GCC_Support/ewl/lib/armv6-m\libc.a(memset.o)
 .debug_abbrev  0x0000133a      0x200 C:/Freescale/CW_MCU_v10.6/MCU/ARM_GCC_Support/ewl/lib/armv6-m\libc.a(printformat_.o)
 .debug_abbrev  0x0000153a      0x1f0 C:/Freescale/CW_MCU_v10.6/MCU/ARM_GCC_Support/ewl/lib/armv6-m\libc.a(scanformat_.o)
 .debug_abbrev  0x0000172a       0x9e C:/Freescale/CW_MCU_v10.6/MCU/ARM_GCC_Support/ewl/lib/armv6-m\libc.a(ctype_aeabi.o)
 .debug_abbrev  0x000017c8       0xc2 C:/Freescale/CW_MCU_v10.6/MCU/ARM_GCC_Support/ewl/lib/armv6-m\libc.a(__strtoul.o)
 .debug_abbrev  0x0000188a       0x78 C:/Freescale/CW_MCU_v10.6/MCU/ARM_GCC_Support/ewl/lib/armv6-m\libc.a(__filll_mem.o)
 .debug_abbrev  0x00001902       0x95 C:/Freescale/CW_MCU_v10.6/MCU/ARM_GCC_Support/ewl/lib/armv6-m\libc.a(memchr.o)
 .debug_abbrev  0x00001997       0x95 C:/Freescale/CW_MCU_v10.6/MCU/ARM_GCC_Support/ewl/lib/armv6-m\libc.a(memcpy.o)
 .debug_abbrev  0x00001a2c       0x7a C:/Freescale/CW_MCU_v10.6/MCU/ARM_GCC_Support/ewl/lib/armv6-m\libc.a(strchr.o)
 .debug_abbrev  0x00001aa6       0x7a C:/Freescale/CW_MCU_v10.6/MCU/ARM_GCC_Support/ewl/lib/armv6-m\libc.a(strlen.o)
 .debug_abbrev  0x00001b20       0x99 C:/Freescale/CW_MCU_v10.6/MCU/ARM_GCC_Support/ewl/lib/armv6-m\librt.a(gcc_ctor_dtor.o)
 .debug_abbrev  0x00001bb9      0x120 C:/Freescale/CW_MCU_v10.6/MCU/ARM_GCC_Support/ewl/lib/armv6-m\librt.a(ROMCopy.o)
 .debug_abbrev  0x00001cd9      0x1b3 C:/Freescale/CW_MCU_v10.6/MCU/ARM_GCC_Support/ewl/lib/armv6-m\librt.a(__arm_eabi_init.o)

.debug_loc      0x00000000     0x34e7
 .debug_loc     0x00000000      0x170 ./Generated_Code/sensorDeLuz.o
 .debug_loc     0x00000170       0x38 ./Generated_Code/button.o
 .debug_loc     0x000001a8       0x70 ./Generated_Code/TimerIntLdd1.o
 .debug_loc     0x00000218       0x70 ./Generated_Code/TU1.o
 .debug_loc     0x00000288       0x38 ./Generated_Code/TI1.o
 .debug_loc     0x000002c0       0x9c ./Generated_Code/PE_LDD.o
 .debug_loc     0x0000035c       0xa8 ./Generated_Code/ExtIntLdd1.o
 .debug_loc     0x00000404       0xb0 ./Generated_Code/Cpu.o
 .debug_loc     0x000004b4       0x70 ./Generated_Code/BitIoLdd6.o
 .debug_loc     0x00000524       0x70 ./Generated_Code/BitIoLdd5.o
 .debug_loc     0x00000594       0x70 ./Generated_Code/BitIoLdd4.o
 .debug_loc     0x00000604       0x70 ./Generated_Code/BitIoLdd3.o
 .debug_loc     0x00000674       0x70 ./Generated_Code/BitIoLdd2.o
 .debug_loc     0x000006e4       0x70 ./Generated_Code/BitIoLdd1.o
 .debug_loc     0x00000754      0x1f8 ./Generated_Code/AdcLdd1.o
 .debug_loc     0x0000094c       0x2c ./Project_Settings/Startup_Code/__arm_start.o
 .debug_loc     0x00000978       0x38 ./Project_Settings/Startup_Code/__arm_end.o
 .debug_loc     0x000009b0      0x370 ./Sources/main.o
 .debug_loc     0x00000d20       0xdc ./Sources/Events.o
 .debug_loc     0x00000dfc       0x3e C:/Freescale/CW_MCU_v10.6/MCU/ARM_GCC_Support/ewl/lib/armv6-m\libc.a(exit.o)
 .debug_loc     0x00000e3a       0x6f C:/Freescale/CW_MCU_v10.6/MCU/ARM_GCC_Support/ewl/lib/armv6-m\libc.a(memset.o)
 .debug_loc     0x00000ea9     0x104b C:/Freescale/CW_MCU_v10.6/MCU/ARM_GCC_Support/ewl/lib/armv6-m\libc.a(printformat_.o)
 .debug_loc     0x00001ef4      0x9d8 C:/Freescale/CW_MCU_v10.6/MCU/ARM_GCC_Support/ewl/lib/armv6-m\libc.a(scanformat_.o)
 .debug_loc     0x000028cc      0x30d C:/Freescale/CW_MCU_v10.6/MCU/ARM_GCC_Support/ewl/lib/armv6-m\libc.a(ctype_aeabi.o)
 .debug_loc     0x00002bd9      0x305 C:/Freescale/CW_MCU_v10.6/MCU/ARM_GCC_Support/ewl/lib/armv6-m\libc.a(__strtoul.o)
 .debug_loc     0x00002ede      0x14a C:/Freescale/CW_MCU_v10.6/MCU/ARM_GCC_Support/ewl/lib/armv6-m\libc.a(__filll_mem.o)
 .debug_loc     0x00003028       0x77 C:/Freescale/CW_MCU_v10.6/MCU/ARM_GCC_Support/ewl/lib/armv6-m\libc.a(memchr.o)
 .debug_loc     0x0000309f       0x59 C:/Freescale/CW_MCU_v10.6/MCU/ARM_GCC_Support/ewl/lib/armv6-m\libc.a(memcpy.o)
 .debug_loc     0x000030f8       0xaf C:/Freescale/CW_MCU_v10.6/MCU/ARM_GCC_Support/ewl/lib/armv6-m\libc.a(strchr.o)
 .debug_loc     0x000031a7       0x33 C:/Freescale/CW_MCU_v10.6/MCU/ARM_GCC_Support/ewl/lib/armv6-m\libc.a(strlen.o)
 .debug_loc     0x000031da       0x9d C:/Freescale/CW_MCU_v10.6/MCU/ARM_GCC_Support/ewl/lib/armv6-m\librt.a(gcc_ctor_dtor.o)
 .debug_loc     0x00003277       0xd9 C:/Freescale/CW_MCU_v10.6/MCU/ARM_GCC_Support/ewl/lib/armv6-m\librt.a(ROMCopy.o)
 .debug_loc     0x00003350      0x197 C:/Freescale/CW_MCU_v10.6/MCU/ARM_GCC_Support/ewl/lib/armv6-m\librt.a(__arm_eabi_init.o)

.debug_aranges  0x00000000      0x6a8
 .debug_aranges
                0x00000000       0x50 ./Generated_Code/sensorDeLuz.o
 .debug_aranges
                0x00000050       0x20 ./Generated_Code/button.o
 .debug_aranges
                0x00000070       0x18 ./Generated_Code/Vectors.o
 .debug_aranges
                0x00000088       0x28 ./Generated_Code/TimerIntLdd1.o
 .debug_aranges
                0x000000b0       0x28 ./Generated_Code/TU1.o
 .debug_aranges
                0x000000d8       0x20 ./Generated_Code/TI1.o
 .debug_aranges
                0x000000f8       0x30 ./Generated_Code/PE_LDD.o
 .debug_aranges
                0x00000128       0x30 ./Generated_Code/ExtIntLdd1.o
 .debug_aranges
                0x00000158       0x38 ./Generated_Code/Cpu.o
 .debug_aranges
                0x00000190       0x28 ./Generated_Code/BitIoLdd6.o
 .debug_aranges
                0x000001b8       0x28 ./Generated_Code/BitIoLdd5.o
 .debug_aranges
                0x000001e0       0x28 ./Generated_Code/BitIoLdd4.o
 .debug_aranges
                0x00000208       0x28 ./Generated_Code/BitIoLdd3.o
 .debug_aranges
                0x00000230       0x28 ./Generated_Code/BitIoLdd2.o
 .debug_aranges
                0x00000258       0x28 ./Generated_Code/BitIoLdd1.o
 .debug_aranges
                0x00000280       0x60 ./Generated_Code/AdcLdd1.o
 .debug_aranges
                0x000002e0       0x30 ./Project_Settings/Startup_Code/__arm_start.o
 .debug_aranges
                0x00000310       0x20 ./Project_Settings/Startup_Code/__arm_end.o
 .debug_aranges
                0x00000330       0xb8 ./Sources/main.o
 .debug_aranges
                0x000003e8       0x40 ./Sources/Events.o
 .debug_aranges
                0x00000428       0x20 C:/Freescale/CW_MCU_v10.6/MCU/ARM_GCC_Support/ewl/lib/armv6-m\libc.a(exit.o)
 .debug_aranges
                0x00000448       0x20 C:/Freescale/CW_MCU_v10.6/MCU/ARM_GCC_Support/ewl/lib/armv6-m\libc.a(memset.o)
 .debug_aranges
                0x00000468       0x28 C:/Freescale/CW_MCU_v10.6/MCU/ARM_GCC_Support/ewl/lib/armv6-m\libc.a(printformat_.o)
 .debug_aranges
                0x00000490       0x20 C:/Freescale/CW_MCU_v10.6/MCU/ARM_GCC_Support/ewl/lib/armv6-m\libc.a(scanformat_.o)
 .debug_aranges
                0x000004b0       0x88 C:/Freescale/CW_MCU_v10.6/MCU/ARM_GCC_Support/ewl/lib/armv6-m\libc.a(ctype_aeabi.o)
 .debug_aranges
                0x00000538       0x20 C:/Freescale/CW_MCU_v10.6/MCU/ARM_GCC_Support/ewl/lib/armv6-m\libc.a(__strtoul.o)
 .debug_aranges
                0x00000558       0x20 C:/Freescale/CW_MCU_v10.6/MCU/ARM_GCC_Support/ewl/lib/armv6-m\libc.a(__filll_mem.o)
 .debug_aranges
                0x00000578       0x20 C:/Freescale/CW_MCU_v10.6/MCU/ARM_GCC_Support/ewl/lib/armv6-m\libc.a(memchr.o)
 .debug_aranges
                0x00000598       0x20 C:/Freescale/CW_MCU_v10.6/MCU/ARM_GCC_Support/ewl/lib/armv6-m\libc.a(memcpy.o)
 .debug_aranges
                0x000005b8       0x20 C:/Freescale/CW_MCU_v10.6/MCU/ARM_GCC_Support/ewl/lib/armv6-m\libc.a(strchr.o)
 .debug_aranges
                0x000005d8       0x20 C:/Freescale/CW_MCU_v10.6/MCU/ARM_GCC_Support/ewl/lib/armv6-m\libc.a(strlen.o)
 .debug_aranges
                0x000005f8       0x28 C:/Freescale/CW_MCU_v10.6/MCU/ARM_GCC_Support/ewl/lib/armv6-m\librt.a(gcc_ctor_dtor.o)
 .debug_aranges
                0x00000620       0x30 C:/Freescale/CW_MCU_v10.6/MCU/ARM_GCC_Support/ewl/lib/armv6-m\librt.a(ROMCopy.o)
 .debug_aranges
                0x00000650       0x58 C:/Freescale/CW_MCU_v10.6/MCU/ARM_GCC_Support/ewl/lib/armv6-m\librt.a(__arm_eabi_init.o)

.debug_macinfo  0x00000000   0x3b1bdb
 .debug_macinfo
                0x00000000    0x3993a ./Generated_Code/sensorDeLuz.o
 .debug_macinfo
                0x0003993a    0x398e7 ./Generated_Code/button.o
 .debug_macinfo
                0x00073221    0x39907 ./Generated_Code/Vectors.o
 .debug_macinfo
                0x000acb28    0x2fd33 ./Generated_Code/TimerIntLdd1.o
 .debug_macinfo
                0x000dc85b    0x2fd2b ./Generated_Code/TU1.o
 .debug_macinfo
                0x0010c586    0x398e7 ./Generated_Code/TI1.o
 .debug_macinfo
                0x00145e6d    0x398ab ./Generated_Code/PE_LDD.o
 .debug_macinfo
                0x0017f718    0x32457 ./Generated_Code/ExtIntLdd1.o
 .debug_macinfo
                0x001b1b6f    0x39907 ./Generated_Code/Cpu.o
 .debug_macinfo
                0x001eb476    0x2ed16 ./Generated_Code/BitIoLdd6.o
 .debug_macinfo
                0x0021a18c    0x2ed18 ./Generated_Code/BitIoLdd5.o
 .debug_macinfo
                0x00248ea4    0x2ed16 ./Generated_Code/BitIoLdd4.o
 .debug_macinfo
                0x00277bba    0x2ed1c ./Generated_Code/BitIoLdd3.o
 .debug_macinfo
                0x002a68d6    0x2ed1c ./Generated_Code/BitIoLdd2.o
 .debug_macinfo
                0x002d55f2    0x2ed1c ./Generated_Code/BitIoLdd1.o
 .debug_macinfo
                0x0030430e    0x3343c ./Generated_Code/AdcLdd1.o
 .debug_macinfo
                0x0033774a     0x3e6d ./Project_Settings/Startup_Code/__arm_start.o
 .debug_macinfo
                0x0033b5b7     0x3456 ./Project_Settings/Startup_Code/__arm_end.o
 .debug_macinfo
                0x0033ea0d    0x398e7 ./Sources/main.o
 .debug_macinfo
                0x003782f4    0x398e7 ./Sources/Events.o

.debug_line     0x00000000     0x5678
 .debug_line    0x00000000      0x4fd ./Generated_Code/sensorDeLuz.o
 .debug_line    0x000004fd      0x45c ./Generated_Code/button.o
 .debug_line    0x00000959      0x59d ./Generated_Code/Vectors.o
 .debug_line    0x00000ef6      0x2b5 ./Generated_Code/TimerIntLdd1.o
 .debug_line    0x000011ab      0x2b3 ./Generated_Code/TU1.o
 .debug_line    0x0000145e      0x456 ./Generated_Code/TI1.o
 .debug_line    0x000018b4      0x3fc ./Generated_Code/PE_LDD.o
 .debug_line    0x00001cb0      0x2cf ./Generated_Code/ExtIntLdd1.o
 .debug_line    0x00001f7f      0x60c ./Generated_Code/Cpu.o
 .debug_line    0x0000258b      0x299 ./Generated_Code/BitIoLdd6.o
 .debug_line    0x00002824      0x298 ./Generated_Code/BitIoLdd5.o
 .debug_line    0x00002abc      0x299 ./Generated_Code/BitIoLdd4.o
 .debug_line    0x00002d55      0x298 ./Generated_Code/BitIoLdd3.o
 .debug_line    0x00002fed      0x299 ./Generated_Code/BitIoLdd2.o
 .debug_line    0x00003286      0x299 ./Generated_Code/BitIoLdd1.o
 .debug_line    0x0000351f      0x36e ./Generated_Code/AdcLdd1.o
 .debug_line    0x0000388d      0x2a6 ./Project_Settings/Startup_Code/__arm_start.o
 .debug_line    0x00003b33      0x266 ./Project_Settings/Startup_Code/__arm_end.o
 .debug_line    0x00003d99      0x5b2 ./Sources/main.o
 .debug_line    0x0000434b      0x451 ./Sources/Events.o
 .debug_line    0x0000479c       0x8d C:/Freescale/CW_MCU_v10.6/MCU/ARM_GCC_Support/ewl/lib/armv6-m\libc.a(exit.o)
 .debug_line    0x00004829       0x90 C:/Freescale/CW_MCU_v10.6/MCU/ARM_GCC_Support/ewl/lib/armv6-m\libc.a(memset.o)
 .debug_line    0x000048b9      0x2c3 C:/Freescale/CW_MCU_v10.6/MCU/ARM_GCC_Support/ewl/lib/armv6-m\libc.a(printformat_.o)
 .debug_line    0x00004b7c      0x2be C:/Freescale/CW_MCU_v10.6/MCU/ARM_GCC_Support/ewl/lib/armv6-m\libc.a(scanformat_.o)
 .debug_line    0x00004e3a      0x1be C:/Freescale/CW_MCU_v10.6/MCU/ARM_GCC_Support/ewl/lib/armv6-m\libc.a(ctype_aeabi.o)
 .debug_line    0x00004ff8      0x11e C:/Freescale/CW_MCU_v10.6/MCU/ARM_GCC_Support/ewl/lib/armv6-m\libc.a(__strtoul.o)
 .debug_line    0x00005116       0xf6 C:/Freescale/CW_MCU_v10.6/MCU/ARM_GCC_Support/ewl/lib/armv6-m\libc.a(__filll_mem.o)
 .debug_line    0x0000520c       0x9f C:/Freescale/CW_MCU_v10.6/MCU/ARM_GCC_Support/ewl/lib/armv6-m\libc.a(memchr.o)
 .debug_line    0x000052ab       0x8b C:/Freescale/CW_MCU_v10.6/MCU/ARM_GCC_Support/ewl/lib/armv6-m\libc.a(memcpy.o)
 .debug_line    0x00005336       0x7d C:/Freescale/CW_MCU_v10.6/MCU/ARM_GCC_Support/ewl/lib/armv6-m\libc.a(strchr.o)
 .debug_line    0x000053b3       0x85 C:/Freescale/CW_MCU_v10.6/MCU/ARM_GCC_Support/ewl/lib/armv6-m\libc.a(strlen.o)
 .debug_line    0x00005438       0x6c C:/Freescale/CW_MCU_v10.6/MCU/ARM_GCC_Support/ewl/lib/armv6-m\librt.a(gcc_ctor_dtor.o)
 .debug_line    0x000054a4       0xbd C:/Freescale/CW_MCU_v10.6/MCU/ARM_GCC_Support/ewl/lib/armv6-m\librt.a(ROMCopy.o)
 .debug_line    0x00005561      0x117 C:/Freescale/CW_MCU_v10.6/MCU/ARM_GCC_Support/ewl/lib/armv6-m\librt.a(__arm_eabi_init.o)

.debug_str      0x00000000     0x1a5f
 .debug_str     0x00000000      0x26c ./Generated_Code/sensorDeLuz.o
                                0x2ab (size before relaxing)
 .debug_str     0x0000026c       0x32 ./Generated_Code/button.o
                                0x165 (size before relaxing)
 .debug_str     0x0000029e       0x5e ./Generated_Code/Vectors.o
                                0x177 (size before relaxing)
 .debug_str     0x000002fc       0xc2 ./Generated_Code/TimerIntLdd1.o
                                0x20a (size before relaxing)
 .debug_str     0x000003be      0x1b0 ./Generated_Code/TU1.o
                                0x34a (size before relaxing)
 .debug_str     0x0000056e       0x31 ./Generated_Code/TI1.o
                                0x164 (size before relaxing)
 .debug_str     0x0000059f      0x172 ./Generated_Code/PE_LDD.o
                                0x2da (size before relaxing)
 .debug_str     0x00000711       0xf2 ./Generated_Code/ExtIntLdd1.o
                                0x31e (size before relaxing)
 .debug_str     0x00000803      0x18c ./Generated_Code/Cpu.o
                                0x45f (size before relaxing)
 .debug_str     0x0000098f       0x8a ./Generated_Code/BitIoLdd6.o
                                0x2a2 (size before relaxing)
 .debug_str     0x00000a19       0x6d ./Generated_Code/BitIoLdd5.o
                                0x2a2 (size before relaxing)
 .debug_str     0x00000a86       0x6d ./Generated_Code/BitIoLdd4.o
                                0x2a2 (size before relaxing)
 .debug_str     0x00000af3       0x6d ./Generated_Code/BitIoLdd3.o
                                0x2a2 (size before relaxing)
 .debug_str     0x00000b60       0x6d ./Generated_Code/BitIoLdd2.o
                                0x2a2 (size before relaxing)
 .debug_str     0x00000bcd       0x6d ./Generated_Code/BitIoLdd1.o
                                0x2a2 (size before relaxing)
 .debug_str     0x00000c3a      0x22e ./Generated_Code/AdcLdd1.o
                                0x59d (size before relaxing)
 .debug_str     0x00000e68       0x85 ./Project_Settings/Startup_Code/__arm_start.o
                                0x1a5 (size before relaxing)
 .debug_str     0x00000eed       0x41 ./Project_Settings/Startup_Code/__arm_end.o
                                 0xdc (size before relaxing)
 .debug_str     0x00000f2e      0x240 ./Sources/main.o
                                0x3e1 (size before relaxing)
 .debug_str     0x0000116e       0x73 ./Sources/Events.o
                                0x1b2 (size before relaxing)
 .debug_str     0x000011e1       0x54 C:/Freescale/CW_MCU_v10.6/MCU/ARM_GCC_Support/ewl/lib/armv6-m\libc.a(exit.o)
                                0x157 (size before relaxing)
 .debug_str     0x00001235       0x23 C:/Freescale/CW_MCU_v10.6/MCU/ARM_GCC_Support/ewl/lib/armv6-m\libc.a(memset.o)
                                0x140 (size before relaxing)
 .debug_str     0x00001258      0x23b C:/Freescale/CW_MCU_v10.6/MCU/ARM_GCC_Support/ewl/lib/armv6-m\libc.a(printformat_.o)
                                0x3b3 (size before relaxing)
 .debug_str     0x00001493      0x184 C:/Freescale/CW_MCU_v10.6/MCU/ARM_GCC_Support/ewl/lib/armv6-m\libc.a(scanformat_.o)
                                0x3f9 (size before relaxing)
 .debug_str     0x00001617       0x9d C:/Freescale/CW_MCU_v10.6/MCU/ARM_GCC_Support/ewl/lib/armv6-m\libc.a(ctype_aeabi.o)
                                0x1bc (size before relaxing)
 .debug_str     0x000016b4       0x61 C:/Freescale/CW_MCU_v10.6/MCU/ARM_GCC_Support/ewl/lib/armv6-m\libc.a(__strtoul.o)
                                0x1fb (size before relaxing)
 .debug_str     0x00001715       0x25 C:/Freescale/CW_MCU_v10.6/MCU/ARM_GCC_Support/ewl/lib/armv6-m\libc.a(__filll_mem.o)
                                0x152 (size before relaxing)
 .debug_str     0x0000173a       0x1c C:/Freescale/CW_MCU_v10.6/MCU/ARM_GCC_Support/ewl/lib/armv6-m\libc.a(memchr.o)
                                0x148 (size before relaxing)
 .debug_str     0x00001756       0x1c C:/Freescale/CW_MCU_v10.6/MCU/ARM_GCC_Support/ewl/lib/armv6-m\libc.a(memcpy.o)
                                0x138 (size before relaxing)
 .debug_str     0x00001772       0x1c C:/Freescale/CW_MCU_v10.6/MCU/ARM_GCC_Support/ewl/lib/armv6-m\libc.a(strchr.o)
                                0x137 (size before relaxing)
 .debug_str     0x0000178e       0x1c C:/Freescale/CW_MCU_v10.6/MCU/ARM_GCC_Support/ewl/lib/armv6-m\libc.a(strlen.o)
                                0x140 (size before relaxing)
 .debug_str     0x000017aa      0x126 C:/Freescale/CW_MCU_v10.6/MCU/ARM_GCC_Support/ewl/lib/armv6-m\librt.a(gcc_ctor_dtor.o)
                                0x181 (size before relaxing)
 .debug_str     0x000018d0       0xa1 C:/Freescale/CW_MCU_v10.6/MCU/ARM_GCC_Support/ewl/lib/armv6-m\librt.a(ROMCopy.o)
                                0x13c (size before relaxing)
 .debug_str     0x00001971       0xee C:/Freescale/CW_MCU_v10.6/MCU/ARM_GCC_Support/ewl/lib/armv6-m\librt.a(__arm_eabi_init.o)
                                0x1b5 (size before relaxing)

.comment        0x00000000       0x79
 .comment       0x00000000       0x79 ./Generated_Code/sensorDeLuz.o
                                 0x7a (size before relaxing)
 .comment       0x00000000       0x7a ./Generated_Code/button.o
 .comment       0x00000000       0x7a ./Generated_Code/Vectors.o
 .comment       0x00000000       0x7a ./Generated_Code/TimerIntLdd1.o
 .comment       0x00000000       0x7a ./Generated_Code/TU1.o
 .comment       0x00000000       0x7a ./Generated_Code/TI1.o
 .comment       0x00000000       0x7a ./Generated_Code/PE_LDD.o
 .comment       0x00000000       0x7a ./Generated_Code/ExtIntLdd1.o
 .comment       0x00000000       0x7a ./Generated_Code/Cpu.o
 .comment       0x00000000       0x7a ./Generated_Code/BitIoLdd6.o
 .comment       0x00000000       0x7a ./Generated_Code/BitIoLdd5.o
 .comment       0x00000000       0x7a ./Generated_Code/BitIoLdd4.o
 .comment       0x00000000       0x7a ./Generated_Code/BitIoLdd3.o
 .comment       0x00000000       0x7a ./Generated_Code/BitIoLdd2.o
 .comment       0x00000000       0x7a ./Generated_Code/BitIoLdd1.o
 .comment       0x00000000       0x7a ./Generated_Code/AdcLdd1.o
 .comment       0x00000000       0x7a ./Project_Settings/Startup_Code/__arm_start.o
 .comment       0x00000000       0x7a ./Project_Settings/Startup_Code/__arm_end.o
 .comment       0x00000000       0x7a ./Sources/main.o
 .comment       0x00000000       0x7a ./Sources/Events.o
 .comment       0x00000000       0x7a C:/Freescale/CW_MCU_v10.6/MCU/ARM_GCC_Support/ewl/lib/armv6-m\libc.a(exit.o)
 .comment       0x00000000       0x7a C:/Freescale/CW_MCU_v10.6/MCU/ARM_GCC_Support/ewl/lib/armv6-m\libc.a(memset.o)
 .comment       0x00000000       0x7a C:/Freescale/CW_MCU_v10.6/MCU/ARM_GCC_Support/ewl/lib/armv6-m\libc.a(printformat_.o)
 .comment       0x00000000       0x7a C:/Freescale/CW_MCU_v10.6/MCU/ARM_GCC_Support/ewl/lib/armv6-m\libc.a(scanformat_.o)
 .comment       0x00000000       0x7a C:/Freescale/CW_MCU_v10.6/MCU/ARM_GCC_Support/ewl/lib/armv6-m\libc.a(ctype_aeabi.o)
 .comment       0x00000000       0x7a C:/Freescale/CW_MCU_v10.6/MCU/ARM_GCC_Support/ewl/lib/armv6-m\libc.a(__strtoul.o)
 .comment       0x00000000       0x7a C:/Freescale/CW_MCU_v10.6/MCU/ARM_GCC_Support/ewl/lib/armv6-m\libc.a(__filll_mem.o)
 .comment       0x00000000       0x7a C:/Freescale/CW_MCU_v10.6/MCU/ARM_GCC_Support/ewl/lib/armv6-m\libc.a(memchr.o)
 .comment       0x00000000       0x7a C:/Freescale/CW_MCU_v10.6/MCU/ARM_GCC_Support/ewl/lib/armv6-m\libc.a(memcpy.o)
 .comment       0x00000000       0x7a C:/Freescale/CW_MCU_v10.6/MCU/ARM_GCC_Support/ewl/lib/armv6-m\libc.a(strchr.o)
 .comment       0x00000000       0x7a C:/Freescale/CW_MCU_v10.6/MCU/ARM_GCC_Support/ewl/lib/armv6-m\libc.a(strlen.o)
 .comment       0x00000000       0x7a C:/Freescale/CW_MCU_v10.6/MCU/ARM_GCC_Support/ewl/lib/armv6-m\librt.a(gcc_ctor_dtor.o)
 .comment       0x00000000       0x7a C:/Freescale/CW_MCU_v10.6/MCU/ARM_GCC_Support/ewl/lib/armv6-m\librt.a(ROMCopy.o)
 .comment       0x00000000       0x7a C:/Freescale/CW_MCU_v10.6/MCU/ARM_GCC_Support/ewl/lib/armv6-m\librt.a(__arm_eabi_init.o)

.debug_frame    0x00000000      0xe6c
 .debug_frame   0x00000000       0xe8 ./Generated_Code/sensorDeLuz.o
 .debug_frame   0x000000e8       0x30 ./Generated_Code/button.o
 .debug_frame   0x00000118       0x50 ./Generated_Code/TimerIntLdd1.o
 .debug_frame   0x00000168       0x50 ./Generated_Code/TU1.o
 .debug_frame   0x000001b8       0x30 ./Generated_Code/TI1.o
 .debug_frame   0x000001e8       0x6c ./Generated_Code/PE_LDD.o
 .debug_frame   0x00000254       0x70 ./Generated_Code/ExtIntLdd1.o
 .debug_frame   0x000002c4       0x80 ./Generated_Code/Cpu.o
 .debug_frame   0x00000344       0x50 ./Generated_Code/BitIoLdd6.o
 .debug_frame   0x00000394       0x50 ./Generated_Code/BitIoLdd5.o
 .debug_frame   0x000003e4       0x50 ./Generated_Code/BitIoLdd4.o
 .debug_frame   0x00000434       0x50 ./Generated_Code/BitIoLdd3.o
 .debug_frame   0x00000484       0x50 ./Generated_Code/BitIoLdd2.o
 .debug_frame   0x000004d4       0x50 ./Generated_Code/BitIoLdd1.o
 .debug_frame   0x00000524      0x130 ./Generated_Code/AdcLdd1.o
 .debug_frame   0x00000654       0x4c ./Project_Settings/Startup_Code/__arm_start.o
 .debug_frame   0x000006a0       0x30 ./Project_Settings/Startup_Code/__arm_end.o
 .debug_frame   0x000006d0      0x240 ./Sources/main.o
 .debug_frame   0x00000910       0x9c ./Sources/Events.o
 .debug_frame   0x000009ac       0x2c C:/Freescale/CW_MCU_v10.6/MCU/ARM_GCC_Support/ewl/lib/armv6-m\libc.a(exit.o)
 .debug_frame   0x000009d8       0x28 C:/Freescale/CW_MCU_v10.6/MCU/ARM_GCC_Support/ewl/lib/armv6-m\libc.a(memset.o)
 .debug_frame   0x00000a00       0x54 C:/Freescale/CW_MCU_v10.6/MCU/ARM_GCC_Support/ewl/lib/armv6-m\libc.a(printformat_.o)
 .debug_frame   0x00000a54       0x34 C:/Freescale/CW_MCU_v10.6/MCU/ARM_GCC_Support/ewl/lib/armv6-m\libc.a(scanformat_.o)
 .debug_frame   0x00000a88      0x158 C:/Freescale/CW_MCU_v10.6/MCU/ARM_GCC_Support/ewl/lib/armv6-m\libc.a(ctype_aeabi.o)
 .debug_frame   0x00000be0       0x30 C:/Freescale/CW_MCU_v10.6/MCU/ARM_GCC_Support/ewl/lib/armv6-m\libc.a(__strtoul.o)
 .debug_frame   0x00000c10       0x2c C:/Freescale/CW_MCU_v10.6/MCU/ARM_GCC_Support/ewl/lib/armv6-m\libc.a(__filll_mem.o)
 .debug_frame   0x00000c3c       0x28 C:/Freescale/CW_MCU_v10.6/MCU/ARM_GCC_Support/ewl/lib/armv6-m\libc.a(memchr.o)
 .debug_frame   0x00000c64       0x28 C:/Freescale/CW_MCU_v10.6/MCU/ARM_GCC_Support/ewl/lib/armv6-m\libc.a(memcpy.o)
 .debug_frame   0x00000c8c       0x28 C:/Freescale/CW_MCU_v10.6/MCU/ARM_GCC_Support/ewl/lib/armv6-m\libc.a(strchr.o)
 .debug_frame   0x00000cb4       0x28 C:/Freescale/CW_MCU_v10.6/MCU/ARM_GCC_Support/ewl/lib/armv6-m\libc.a(strlen.o)
 .debug_frame   0x00000cdc       0x20 c:/freescale/cw_mcu_v10.6/cross_tools/arm-none-eabi-gcc-4_7_3/bin/../lib/gcc/arm-none-eabi/4.7.3/armv6-m\libgcc.a(_udivsi3.o)
 .debug_frame   0x00000cfc       0x20 c:/freescale/cw_mcu_v10.6/cross_tools/arm-none-eabi-gcc-4_7_3/bin/../lib/gcc/arm-none-eabi/4.7.3/armv6-m\libgcc.a(_divsi3.o)
 .debug_frame   0x00000d1c       0x40 C:/Freescale/CW_MCU_v10.6/MCU/ARM_GCC_Support/ewl/lib/armv6-m\librt.a(gcc_ctor_dtor.o)
 .debug_frame   0x00000d5c       0x54 C:/Freescale/CW_MCU_v10.6/MCU/ARM_GCC_Support/ewl/lib/armv6-m\librt.a(ROMCopy.o)
 .debug_frame   0x00000db0       0xbc C:/Freescale/CW_MCU_v10.6/MCU/ARM_GCC_Support/ewl/lib/armv6-m\librt.a(__arm_eabi_init.o)
